Archive member included to satisfy reference by file (symbol)

library.a(initialize.o)       obj/Lab1Main.o (InitializeHardware)
library.a(stm32f429i_discovery.o)
                              library.a(initialize.o) (BSP_PB_Init)
library.a(stm32f429i_discovery_lcd.o)
                              library.a(initialize.o) (BSP_LCD_Init)
library.a(stm32f429i_discovery_sdram.o)
                              library.a(stm32f429i_discovery_lcd.o) (BSP_SDRAM_Init)
library.a(stm32f4xx_hal.o)    library.a(initialize.o) (HAL_Init)
library.a(stm32f4xx_hal_cortex.o)
                              library.a(stm32f4xx_hal.o) (HAL_NVIC_SetPriorityGrouping)
library.a(stm32f4xx_hal_dma.o)
                              library.a(stm32f429i_discovery_sdram.o) (HAL_DMA_Init)
library.a(stm32f4xx_hal_dma2d.o)
                              library.a(stm32f429i_discovery_lcd.o) (HAL_DMA2D_Init)
library.a(stm32f4xx_hal_gpio.o)
                              library.a(stm32f429i_discovery.o) (HAL_GPIO_Init)
library.a(stm32f4xx_hal_i2c.o)
                              library.a(stm32f429i_discovery.o) (HAL_I2C_Init)
library.a(stm32f4xx_hal_ltdc.o)
                              library.a(stm32f429i_discovery_lcd.o) (HAL_LTDC_Init)
library.a(stm32f4xx_hal_rcc.o)
                              library.a(initialize.o) (HAL_RCC_OscConfig)
library.a(stm32f4xx_hal_rcc_ex.o)
                              library.a(stm32f429i_discovery_lcd.o) (HAL_RCCEx_PeriphCLKConfig)
library.a(stm32f4xx_hal_sdram.o)
                              library.a(stm32f429i_discovery_sdram.o) (HAL_SDRAM_Init)
library.a(stm32f4xx_hal_spi.o)
                              library.a(stm32f429i_discovery.o) (HAL_SPI_Init)
library.a(stm32f4xx_it.o)     library.a(initialize.o) (IncludeThis)
library.a(stm32f4xx_ll_fmc.o)
                              library.a(stm32f4xx_hal_sdram.o) (FMC_SDRAM_Init)
library.a(system_stm32f4xx.o)
                              library.a(stm32f4xx_hal_rcc.o) (SystemCoreClock)
library.a(startup_stm32f429xx.o)
                              library.a(initialize.o) (Reset_Handler)
library.a(ili9341.o)          library.a(stm32f429i_discovery_lcd.o) (ili9341_drv)
c:/coen20/gcc/bin/../lib/gcc/arm-none-eabi/8.2.1/../../../../arm-none-eabi/lib/thumb/v7e-m+fp/hard\libc.a(lib_a-exit.o)
                              c:/coen20/gcc/bin/../lib/gcc/arm-none-eabi/8.2.1/../../../../arm-none-eabi/lib/thumb/v7e-m+fp/hard/crt0.o (exit)
c:/coen20/gcc/bin/../lib/gcc/arm-none-eabi/8.2.1/../../../../arm-none-eabi/lib/thumb/v7e-m+fp/hard\libc.a(lib_a-impure.o)
                              c:/coen20/gcc/bin/../lib/gcc/arm-none-eabi/8.2.1/../../../../arm-none-eabi/lib/thumb/v7e-m+fp/hard\libc.a(lib_a-exit.o) (_global_impure_ptr)
c:/coen20/gcc/bin/../lib/gcc/arm-none-eabi/8.2.1/../../../../arm-none-eabi/lib/thumb/v7e-m+fp/hard\libc.a(lib_a-init.o)
                              c:/coen20/gcc/bin/../lib/gcc/arm-none-eabi/8.2.1/../../../../arm-none-eabi/lib/thumb/v7e-m+fp/hard/crt0.o (__libc_init_array)
c:/coen20/gcc/bin/../lib/gcc/arm-none-eabi/8.2.1/../../../../arm-none-eabi/lib/thumb/v7e-m+fp/hard\libc.a(lib_a-memset.o)
                              c:/coen20/gcc/bin/../lib/gcc/arm-none-eabi/8.2.1/../../../../arm-none-eabi/lib/thumb/v7e-m+fp/hard/crt0.o (memset)
c:/coen20/gcc/bin/../lib/gcc/arm-none-eabi/8.2.1/../../../../arm-none-eabi/lib/thumb/v7e-m+fp/hard\libc.a(lib_a-printf.o)
                              library.a(initialize.o) (printf)
c:/coen20/gcc/bin/../lib/gcc/arm-none-eabi/8.2.1/../../../../arm-none-eabi/lib/thumb/v7e-m+fp/hard\libc.a(lib_a-strcpy.o)
                              library.a(initialize.o) (strcpy)
c:/coen20/gcc/bin/../lib/gcc/arm-none-eabi/8.2.1/../../../../arm-none-eabi/lib/thumb/v7e-m+fp/hard\libc.a(lib_a-strlen.o)
                              obj/Lab1Main.o (strlen)
c:/coen20/gcc/bin/../lib/gcc/arm-none-eabi/8.2.1/../../../../arm-none-eabi/lib/thumb/v7e-m+fp/hard\libc.a(lib_a-vfprintf.o)
                              c:/coen20/gcc/bin/../lib/gcc/arm-none-eabi/8.2.1/../../../../arm-none-eabi/lib/thumb/v7e-m+fp/hard\libc.a(lib_a-printf.o) (_vfprintf_r)
c:/coen20/gcc/bin/../lib/gcc/arm-none-eabi/8.2.1/../../../../arm-none-eabi/lib/thumb/v7e-m+fp/hard\libc.a(lib_a-vsprintf.o)
                              obj/Lab1Main.o (vsprintf)
c:/coen20/gcc/bin/../lib/gcc/arm-none-eabi/8.2.1/../../../../arm-none-eabi/lib/thumb/v7e-m+fp/hard\libc.a(lib_a-wsetup.o)
                              c:/coen20/gcc/bin/../lib/gcc/arm-none-eabi/8.2.1/../../../../arm-none-eabi/lib/thumb/v7e-m+fp/hard\libc.a(lib_a-vfprintf.o) (__swsetup_r)
c:/coen20/gcc/bin/../lib/gcc/arm-none-eabi/8.2.1/../../../../arm-none-eabi/lib/thumb/v7e-m+fp/hard\libc.a(lib_a-__call_atexit.o)
                              c:/coen20/gcc/bin/../lib/gcc/arm-none-eabi/8.2.1/../../../../arm-none-eabi/lib/thumb/v7e-m+fp/hard\libc.a(lib_a-exit.o) (__call_exitprocs)
[...]
Memory Configuration

Name             Origin             Length             Attributes
ROM              0x08000000         0x00200000         xr
RAM              0x20000000         0x00030000         xrw
CCM              0x10000000         0x00010000         xrw
*default*        0x00000000         0xffffffff

Linker script and memory map

LOAD c:/coen20/gcc/bin/../lib/gcc/arm-none-eabi/8.2.1/thumb/v7e-m+fp/hard/crti.o
LOAD c:/coen20/gcc/bin/../lib/gcc/arm-none-eabi/8.2.1/thumb/v7e-m+fp/hard/crtbegin.o
LOAD c:/coen20/gcc/bin/../lib/gcc/arm-none-eabi/8.2.1/../../../../arm-none-eabi/lib/thumb/v7e-m+fp/hard/crt0.o
LOAD obj/Lab1BinCon.o
LOAD obj/Lab1Main.o
LOAD library.a
LOAD library.a
LOAD c:/coen20/gcc/bin/../lib/gcc/arm-none-eabi/8.2.1/../../../../arm-none-eabi/lib/thumb/v7e-m+fp/hard\libc.a
LOAD c:/coen20/gcc/bin/../lib/gcc/arm-none-eabi/8.2.1/../../../../arm-none-eabi/lib/thumb/v7e-m+fp/hard\libnosys.a
LOAD c:/coen20/gcc/bin/../lib/gcc/arm-none-eabi/8.2.1/../../../../arm-none-eabi/lib/thumb/v7e-m+fp/hard\libc.a
START GROUP
LOAD c:/coen20/gcc/bin/../lib/gcc/arm-none-eabi/8.2.1/thumb/v7e-m+fp/hard\libgcc.a
LOAD c:/coen20/gcc/bin/../lib/gcc/arm-none-eabi/8.2.1/../../../../arm-none-eabi/lib/thumb/v7e-m+fp/hard\libc.a
END GROUP
LOAD c:/coen20/gcc/bin/../lib/gcc/arm-none-eabi/8.2.1/thumb/v7e-m+fp/hard/crtend.o
LOAD c:/coen20/gcc/bin/../lib/gcc/arm-none-eabi/8.2.1/thumb/v7e-m+fp/hard/crtn.o

.text           0x08000000     0xdea4
 *(.isr_vector)
 .isr_vector    0x08000000      0x1ac library.a(startup_stm32f429xx.o)
                0x08000000                __isr_vector
 *(.text*)
 .text          0x080001ac       0x40 c:/coen20/gcc/bin/../lib/gcc/arm-none-eabi/8.2.1/thumb/v7e-m+fp/hard/crtbegin.o
 .text          0x080001ec       0x74 c:/coen20/gcc/bin/../lib/gcc/arm-none-eabi/8.2.1/../../../../arm-none-eabi/lib/thumb/v7e-m+fp/hard/crt0.o
                0x080001ec                _start
                0x080001ec                _mainCRTStartup
 .text.Increment
                0x08000260       0x70 obj/Lab1BinCon.o
                0x08000260                Increment
 .text.Unsigned2Bits
                0x080002d0       0xbc obj/Lab1BinCon.o
                0x080002d0                Unsigned2Bits
 .text.Bits2Unsigned
                0x0800038c       0x44 obj/Lab1BinCon.o
                0x0800038c                Bits2Unsigned
 .text.Bits2Signed
                0x080003d0      0x120 obj/Lab1BinCon.o
                0x080003d0                Bits2Signed
 .text.PutStringAt
                0x080004f0       0x30 obj/Lab1Main.o
 .text.Error    0x08000520      0x154 obj/Lab1Main.o
 .text.startup.main
                0x08000674      0xc70 obj/Lab1Main.o
                0x08000674                main
 .text.DisplayHeader
                0x080012e4       0x80 library.a(initialize.o)
                0x080012e4                DisplayHeader
 .text.DisplayFooter
                0x08001364       0x58 library.a(initialize.o)
                0x08001364                DisplayFooter
 .text.InitializeHardware
                0x080013bc      0x110 library.a(initialize.o)
                0x080013bc                InitializeHardware
 .text.GetClockCycleCount
                0x080014cc        0xc library.a(initialize.o)
                0x080014cc                GetClockCycleCount
 .text.SPIx_Init
                0x080014d8       0x94 library.a(stm32f429i_discovery.o)
 .text.SPIx_Write
                0x0800156c       0x30 library.a(stm32f429i_discovery.o)
 .text.BSP_PB_Init
                0x0800159c       0x70 library.a(stm32f429i_discovery.o)
                0x0800159c                BSP_PB_Init
 .text.LCD_IO_Init
                0x0800160c       0xb0 library.a(stm32f429i_discovery.o)
                0x0800160c                LCD_IO_Init
 .text.LCD_IO_WriteData
                0x080016bc       0x38 library.a(stm32f429i_discovery.o)
                0x080016bc                LCD_IO_WriteData
 .text.LCD_IO_WriteReg
                0x080016f4       0x38 library.a(stm32f429i_discovery.o)
                0x080016f4                LCD_IO_WriteReg
 .text.LCD_IO_ReadData
                0x0800172c       0x6c library.a(stm32f429i_discovery.o)
                0x0800172c                LCD_IO_ReadData
 .text.LCD_Delay
                0x08001798        0x4 library.a(stm32f429i_discovery.o)
                0x08001798                LCD_Delay
 .text.FillBuffer
                0x0800179c       0x64 library.a(stm32f429i_discovery_lcd.o)
 .text.BSP_LCD_Init
                0x08001800      0x1cc library.a(stm32f429i_discovery_lcd.o)
                0x08001800                BSP_LCD_Init
 .text.BSP_LCD_GetXSize
                0x080019cc       0x10 library.a(stm32f429i_discovery_lcd.o)
                0x080019cc                BSP_LCD_GetXSize
 .text.BSP_LCD_GetYSize
                0x080019dc       0x10 library.a(stm32f429i_discovery_lcd.o)
                0x080019dc                BSP_LCD_GetYSize
 .text.BSP_LCD_LayerDefaultInit
                0x080019ec       0x7c library.a(stm32f429i_discovery_lcd.o)
                0x080019ec                BSP_LCD_LayerDefaultInit
 .text.BSP_LCD_SelectLayer
                0x08001a68        0xc library.a(stm32f429i_discovery_lcd.o)
                0x08001a68                BSP_LCD_SelectLayer
 .text.BSP_LCD_SetTextColor
                0x08001a74       0x18 library.a(stm32f429i_discovery_lcd.o)
                0x08001a74                BSP_LCD_SetTextColor
 .text.BSP_LCD_SetBackColor
                0x08001a8c       0x18 library.a(stm32f429i_discovery_lcd.o)
                0x08001a8c                BSP_LCD_SetBackColor
 .text.BSP_LCD_SetFont
                0x08001aa4       0x18 library.a(stm32f429i_discovery_lcd.o)
                0x08001aa4                BSP_LCD_SetFont
 .text.BSP_LCD_Clear
                0x08001abc       0x3c library.a(stm32f429i_discovery_lcd.o)
                0x08001abc                BSP_LCD_Clear
 .text.BSP_LCD_DrawHLine
                0x08001af8       0x50 library.a(stm32f429i_discovery_lcd.o)
                0x08001af8                BSP_LCD_DrawHLine
 .text.BSP_LCD_DrawVLine
                0x08001b48       0x58 library.a(stm32f429i_discovery_lcd.o)
                0x08001b48                BSP_LCD_DrawVLine
 .text.BSP_LCD_DrawRect
                0x08001ba0       0x34 library.a(stm32f429i_discovery_lcd.o)
                0x08001ba0                BSP_LCD_DrawRect
 .text.BSP_LCD_FillRect
                0x08001bd4       0x5c library.a(stm32f429i_discovery_lcd.o)
                0x08001bd4                BSP_LCD_FillRect
 .text.BSP_LCD_DisplayOn
                0x08001c30       0x10 library.a(stm32f429i_discovery_lcd.o)
                0x08001c30                BSP_LCD_DisplayOn
 .text.BSP_LCD_DrawPixel
                0x08001c40       0x2c library.a(stm32f429i_discovery_lcd.o)
                0x08001c40                BSP_LCD_DrawPixel
 .text.BSP_LCD_DisplayChar
                0x08001c6c       0xd0 library.a(stm32f429i_discovery_lcd.o)
                0x08001c6c                BSP_LCD_DisplayChar
 .text.BSP_LCD_DisplayStringAt
                0x08001d3c       0xb8 library.a(stm32f429i_discovery_lcd.o)
                0x08001d3c                BSP_LCD_DisplayStringAt
 .text.BSP_LCD_DrawLine
                0x08001df4       0xd0 library.a(stm32f429i_discovery_lcd.o)
                0x08001df4                BSP_LCD_DrawLine
 .text.BSP_LCD_FillTriangle
                0x08001ec4       0xd0 library.a(stm32f429i_discovery_lcd.o)
                0x08001ec4                BSP_LCD_FillTriangle
 .text.BSP_LCD_DrawCircle
                0x08001f94      0x138 library.a(stm32f429i_discovery_lcd.o)
                0x08001f94                BSP_LCD_DrawCircle
 .text.BSP_SDRAM_Initialization_sequence
                0x080020cc       0x94 library.a(stm32f429i_discovery_sdram.o)
                0x080020cc                BSP_SDRAM_Initialization_sequence
 .text.BSP_SDRAM_Init
                0x08002160      0x1d4 library.a(stm32f429i_discovery_sdram.o)
                0x08002160                BSP_SDRAM_Init
 .text.HAL_MspInit
                0x08002334        0x2 library.a(stm32f4xx_hal.o)
                0x08002334                HAL_MspInit
 .text.HAL_InitTick
                0x08002336       0x24 library.a(stm32f4xx_hal.o)
                0x08002336                HAL_InitTick
 *fill*         0x0800235a        0x2 
 .text.HAL_Init
                0x0800235c       0x34 library.a(stm32f4xx_hal.o)
                0x0800235c                HAL_Init
 .text.HAL_IncTick
                0x08002390       0x10 library.a(stm32f4xx_hal.o)
                0x08002390                HAL_IncTick
 .text.HAL_GetTick
                0x080023a0        0xc library.a(stm32f4xx_hal.o)
                0x080023a0                HAL_GetTick
 .text.HAL_Delay
                0x080023ac       0x1a library.a(stm32f4xx_hal.o)
                0x080023ac                HAL_Delay
 *fill*         0x080023c6        0x2 
 .text.HAL_NVIC_SetPriorityGrouping
                0x080023c8       0x24 library.a(stm32f4xx_hal_cortex.o)
                0x080023c8                HAL_NVIC_SetPriorityGrouping
 .text.HAL_NVIC_SetPriority
                0x080023ec       0x68 library.a(stm32f4xx_hal_cortex.o)
                0x080023ec                HAL_NVIC_SetPriority
 .text.HAL_NVIC_EnableIRQ
                0x08002454       0x18 library.a(stm32f4xx_hal_cortex.o)
                0x08002454                HAL_NVIC_EnableIRQ
 .text.HAL_SYSTICK_Config
                0x0800246c       0x2c library.a(stm32f4xx_hal_cortex.o)
                0x0800246c                HAL_SYSTICK_Config
 .text.HAL_DMA_Init
                0x08002498       0x78 library.a(stm32f4xx_hal_dma.o)
                0x08002498                HAL_DMA_Init
 .text.HAL_DMA_DeInit
                0x08002510      0xac4 library.a(stm32f4xx_hal_dma.o)
                0x08002510                HAL_DMA_DeInit
 .text.DMA2D_SetConfig
                0x08002fd4       0x80 library.a(stm32f4xx_hal_dma2d.o)
 .text.HAL_DMA2D_MspInit
                0x08003054        0x2 library.a(stm32f4xx_hal_dma2d.o)
                0x08003054                HAL_DMA2D_MspInit
 .text.HAL_DMA2D_Init
                0x08003056       0x5c library.a(stm32f4xx_hal_dma2d.o)
                0x08003056                HAL_DMA2D_Init
 .text.HAL_DMA2D_Start
                0x080030b2       0x40 library.a(stm32f4xx_hal_dma2d.o)
                0x080030b2                HAL_DMA2D_Start
 .text.HAL_DMA2D_PollForTransfer
                0x080030f2       0xc2 library.a(stm32f4xx_hal_dma2d.o)
                0x080030f2                HAL_DMA2D_PollForTransfer
 .text.HAL_DMA2D_ConfigLayer
                0x080031b4       0xe8 library.a(stm32f4xx_hal_dma2d.o)
                0x080031b4                HAL_DMA2D_ConfigLayer
 .text.HAL_GPIO_Init
                0x0800329c      0x1d8 library.a(stm32f4xx_hal_gpio.o)
                0x0800329c                HAL_GPIO_Init
 .text.HAL_GPIO_WritePin
                0x08003474        0xa library.a(stm32f4xx_hal_gpio.o)
                0x08003474                HAL_GPIO_WritePin
 .text.LTDC_SetConfig
                0x0800347e      0x148 library.a(stm32f4xx_hal_ltdc.o)
 .text.HAL_LTDC_MspInit
                0x080035c6        0x2 library.a(stm32f4xx_hal_ltdc.o)
                0x080035c6                HAL_LTDC_MspInit
 .text.HAL_LTDC_Init
                0x080035c8       0xfc library.a(stm32f4xx_hal_ltdc.o)
                0x080035c8                HAL_LTDC_Init
 .text.HAL_LTDC_ConfigLayer
                0x080036c4       0x52 library.a(stm32f4xx_hal_ltdc.o)
                0x080036c4                HAL_LTDC_ConfigLayer
 *fill*         0x08003716        0x2 
 .text.HAL_LTDC_EnableDither
                0x08003718       0x34 library.a(stm32f4xx_hal_ltdc.o)
                0x08003718                HAL_LTDC_EnableDither
 .text.HAL_RCC_OscConfig
                0x0800374c      0x33c library.a(stm32f4xx_hal_rcc.o)
                0x0800374c                HAL_RCC_OscConfig
 .text.HAL_RCC_ClockConfig
                0x08003a88      0x1f8 library.a(stm32f4xx_hal_rcc.o)
                0x08003a88                HAL_RCC_ClockConfig
 .text.HAL_RCC_GetSysClockFreq
                0x08003c80       0x78 library.a(stm32f4xx_hal_rcc.o)
                0x08003c80                HAL_RCC_GetSysClockFreq
 .text.HAL_RCC_GetHCLKFreq
                0x08003cf8       0x38 library.a(stm32f4xx_hal_rcc.o)
                0x08003cf8                HAL_RCC_GetHCLKFreq
 .text.HAL_RCCEx_PeriphCLKConfig
                0x08003d30      0x2e8 library.a(stm32f4xx_hal_rcc_ex.o)
                0x08003d30                HAL_RCCEx_PeriphCLKConfig
 .text.HAL_SDRAM_MspInit
                0x08004018        0x2 library.a(stm32f4xx_hal_sdram.o)
                0x08004018                HAL_SDRAM_MspInit
 .text.HAL_SDRAM_Init
                0x0800401a       0x40 library.a(stm32f4xx_hal_sdram.o)
                0x0800401a                HAL_SDRAM_Init
 .text.HAL_SDRAM_SendCommand
                0x0800405a       0x2e library.a(stm32f4xx_hal_sdram.o)
                0x0800405a                HAL_SDRAM_SendCommand
 .text.HAL_SDRAM_ProgramRefreshRate
                0x08004088       0x24 library.a(stm32f4xx_hal_sdram.o)
                0x08004088                HAL_SDRAM_ProgramRefreshRate
 .text.SPI_WaitOnFlagUntilTimeout
                0x080040ac       0x94 library.a(stm32f4xx_hal_spi.o)
 .text.HAL_SPI_MspInit
                0x08004140        0x2 library.a(stm32f4xx_hal_spi.o)
                0x08004140                HAL_SPI_MspInit
 .text.HAL_SPI_Init
                0x08004142       0x82 library.a(stm32f4xx_hal_spi.o)
                0x08004142                HAL_SPI_Init
 .text.HAL_SPI_MspDeInit
                0x080041c4        0x2 library.a(stm32f4xx_hal_spi.o)
                0x080041c4                HAL_SPI_MspDeInit
 .text.HAL_SPI_DeInit
                0x080041c6       0x26 library.a(stm32f4xx_hal_spi.o)
                0x080041c6                HAL_SPI_DeInit
 .text.HAL_SPI_Transmit
                0x080041ec      0x148 library.a(stm32f4xx_hal_spi.o)
                0x080041ec                HAL_SPI_Transmit
 .text.HAL_SPI_TransmitReceive
                0x08004334      0x2c4 library.a(stm32f4xx_hal_spi.o)
                0x08004334                HAL_SPI_TransmitReceive
 .text.HAL_SPI_Receive
                0x080045f8      0x1d0 library.a(stm32f4xx_hal_spi.o)
                0x080045f8                HAL_SPI_Receive
 .text.HAL_SPI_GetState
                0x080047c8        0x6 library.a(stm32f4xx_hal_spi.o)
                0x080047c8                HAL_SPI_GetState
 .text.NMI_Handler
                0x080047ce        0x2 library.a(stm32f4xx_it.o)
                0x080047ce                NMI_Handler
 .text.SVC_Handler
                0x080047d0        0x2 library.a(stm32f4xx_it.o)
                0x080047d0                SVC_Handler
 .text.DebugMon_Handler
                0x080047d2        0x2 library.a(stm32f4xx_it.o)
                0x080047d2                DebugMon_Handler
 .text.PendSV_Handler
                0x080047d4        0x2 library.a(stm32f4xx_it.o)
                0x080047d4                PendSV_Handler
 .text.SysTick_Handler
                0x080047d6        0x4 library.a(stm32f4xx_it.o)
                0x080047d6                SysTick_Handler
 *fill*         0x080047da        0x2 
 .text.FMC_SDRAM_Init
                0x080047dc       0x6c library.a(stm32f4xx_ll_fmc.o)
                0x080047dc                FMC_SDRAM_Init
 .text.FMC_SDRAM_Timing_Init
                0x08004848       0x70 library.a(stm32f4xx_ll_fmc.o)
                0x08004848                FMC_SDRAM_Timing_Init
 .text.FMC_SDRAM_SendCommand
                0x080048b8       0x4c library.a(stm32f4xx_ll_fmc.o)
                0x080048b8                FMC_SDRAM_SendCommand
 .text.FMC_SDRAM_ProgramRefreshRate
                0x08004904        0xc library.a(stm32f4xx_ll_fmc.o)
                0x08004904                FMC_SDRAM_ProgramRefreshRate
 .text.SystemInit
                0x08004910       0x4c library.a(system_stm32f4xx.o)
                0x08004910                SystemInit
 .text          0x0800495c      0x118 library.a(startup_stm32f429xx.o)
                0x0800495c                Reset_Handler
                0x080049ac                HardFault_Handler
                0x080049ae                MemManage_Handler
                0x080049b0                BusFault_Handler
                0x080049b2                UsageFault_Handler
                0x080049b4                Default_Handler
                0x080049b6                WWDG_IRQHandler
                0x080049b8                PVD_IRQHandler
                0x080049ba                TAMP_STAMP_IRQHandler
                0x080049bc                RTC_WKUP_IRQHandler
                0x080049be                FLASH_IRQHandler
                0x080049c0                RCC_IRQHandler
                0x080049c2                EXTI0_IRQHandler
                0x080049c4                EXTI1_IRQHandler
                0x080049c6                EXTI2_IRQHandler
                0x080049c8                EXTI3_IRQHandler
                0x080049ca                EXTI4_IRQHandler
                0x080049cc                DMA1_Stream0_IRQHandler
                0x080049ce                DMA1_Stream1_IRQHandler
                0x080049d0                DMA1_Stream2_IRQHandler
                0x080049d2                DMA1_Stream3_IRQHandler
                0x080049d4                DMA1_Stream4_IRQHandler
                0x080049d6                DMA1_Stream5_IRQHandler
                0x080049d8                DMA1_Stream6_IRQHandler
                0x080049da                ADC_IRQHandler
                0x080049dc                CAN1_TX_IRQHandler
                0x080049de                CAN1_RX0_IRQHandler
                0x080049e0                CAN1_RX1_IRQHandler
                0x080049e2                CAN1_SCE_IRQHandler
                0x080049e4                EXTI9_5_IRQHandler
                0x080049e6                TIM1_BRK_TIM9_IRQHandler
                0x080049e8                TIM1_UP_TIM10_IRQHandler
                0x080049ea                TIM1_TRG_COM_TIM11_IRQHandler
                0x080049ec                TIM1_CC_IRQHandler
                0x080049ee                TIM2_IRQHandler
                0x080049f0                TIM3_IRQHandler
                0x080049f2                TIM4_IRQHandler
                0x080049f4                I2C1_EV_IRQHandler
                0x080049f6                I2C1_ER_IRQHandler
                0x080049f8                I2C2_EV_IRQHandler
                0x080049fa                I2C2_ER_IRQHandler
                0x080049fc                SPI1_IRQHandler
                0x080049fe                SPI2_IRQHandler
                0x08004a00                USART1_IRQHandler
                0x08004a02                USART2_IRQHandler
                0x08004a04                USART3_IRQHandler
                0x08004a06                EXTI15_10_IRQHandler
                0x08004a08                RTC_Alarm_IRQHandler
                0x08004a0a                OTG_FS_WKUP_IRQHandler
                0x08004a0c                TIM8_BRK_TIM12_IRQHandler
                0x08004a0e                TIM8_UP_TIM13_IRQHandler
                0x08004a10                TIM8_TRG_COM_TIM14_IRQHandler
                0x08004a12                TIM8_CC_IRQHandler
                0x08004a14                DMA1_Stream7_IRQHandler
                0x08004a16                FSMC_IRQHandler
                0x08004a18                SDIO_IRQHandler
                0x08004a1a                TIM5_IRQHandler
                0x08004a1c                SPI3_IRQHandler
                0x08004a1e                UART4_IRQHandler
                0x08004a20                UART5_IRQHandler
                0x08004a22                TIM6_DAC_IRQHandler
                0x08004a24                TIM7_IRQHandler
                0x08004a26                DMA2_Stream0_IRQHandler
                0x08004a28                DMA2_Stream1_IRQHandler
                0x08004a2a                DMA2_Stream2_IRQHandler
                0x08004a2c                DMA2_Stream3_IRQHandler
                0x08004a2e                DMA2_Stream4_IRQHandler
                0x08004a30                ETH_IRQHandler
                0x08004a32                ETH_WKUP_IRQHandler
                0x08004a34                CAN2_TX_IRQHandler
                0x08004a36                CAN2_RX0_IRQHandler
                0x08004a38                CAN2_RX1_IRQHandler
                0x08004a3a                CAN2_SCE_IRQHandler
                0x08004a3c                OTG_FS_IRQHandler
                0x08004a3e                DMA2_Stream5_IRQHandler
                0x08004a40                DMA2_Stream6_IRQHandler
                0x08004a42                DMA2_Stream7_IRQHandler
                0x08004a44                USART6_IRQHandler
                0x08004a46                I2C3_EV_IRQHandler
                0x08004a48                I2C3_ER_IRQHandler
                0x08004a4a                OTG_HS_EP1_OUT_IRQHandler
                0x08004a4c                OTG_HS_EP1_IN_IRQHandler
                0x08004a4e                OTG_HS_WKUP_IRQHandler
                0x08004a50                OTG_HS_IRQHandler
                0x08004a52                DCMI_IRQHandler
                0x08004a54                CRYP_IRQHandler
                0x08004a56                HASH_RNG_IRQHandler
                0x08004a58                FPU_IRQHandler
                0x08004a5a                UART7_IRQHandler
                0x08004a5c                UART8_IRQHandler
                0x08004a5e                SPI4_IRQHandler
                0x08004a60                SPI5_IRQHandler
                0x08004a62                SPI6_IRQHandler
                0x08004a64                SAI1_IRQHandler
                0x08004a66                LTDC_IRQHandler
                0x08004a68                LTDC_ER_IRQHandler
                0x08004a6a                DMA2D_IRQHandler
 .text.ili9341_GetLcdPixelWidth
                0x08004a74        0x4 library.a(ili9341.o)
                0x08004a74                ili9341_GetLcdPixelWidth
 .text.ili9341_GetLcdPixelHeight
                0x08004a78        0x6 library.a(ili9341.o)
                0x08004a78                ili9341_GetLcdPixelHeight
 .text.ili9341_DisplayOn
                0x08004a7e        0x6 library.a(ili9341.o)
                0x08004a7e                ili9341_DisplayOn
 .text.ili9341_DisplayOff
                0x08004a84        0x6 library.a(ili9341.o)
                0x08004a84                ili9341_DisplayOff
 .text.ili9341_Init
                0x08004a8a      0x292 library.a(ili9341.o)
                0x08004a8a                ili9341_Init
 .text.ili9341_ReadID
                0x08004d1c       0x12 library.a(ili9341.o)
                0x08004d1c                ili9341_ReadID
 *fill*         0x08004d2e        0x2 
 .text.exit     0x08004d30       0x20 c:/coen20/gcc/bin/../lib/gcc/arm-none-eabi/8.2.1/../../../../arm-none-eabi/lib/thumb/v7e-m+fp/hard\libc.a(lib_a-exit.o)
                0x08004d30                exit
 .text.__libc_init_array
                0x08004d50       0x48 c:/coen20/gcc/bin/../lib/gcc/arm-none-eabi/8.2.1/../../../../arm-none-eabi/lib/thumb/v7e-m+fp/hard\libc.a(lib_a-init.o)
                0x08004d50                __libc_init_array
 .text.memset   0x08004d98       0xa0 c:/coen20/gcc/bin/../lib/gcc/arm-none-eabi/8.2.1/../../../../arm-none-eabi/lib/thumb/v7e-m+fp/hard\libc.a(lib_a-memset.o)
                0x08004d98                memset
 *fill*         0x08004e38        0x8 
 .text          0x08004e40       0xdc c:/coen20/gcc/bin/../lib/gcc/arm-none-eabi/8.2.1/../../../../arm-none-eabi/lib/thumb/v7e-m+fp/hard\libc.a(lib_a-strlen.o)
                0x08004e40                strlen
 .text._vsprintf_r
                0x08004f1c       0x28 c:/coen20/gcc/bin/../lib/gcc/arm-none-eabi/8.2.1/../../../../arm-none-eabi/lib/thumb/v7e-m+fp/hard\libc.a(lib_a-vsprintf.o)
                0x08004f1c                _vsprintf_r
 .text.vsprintf
                0x08004f44       0x18 c:/coen20/gcc/bin/../lib/gcc/arm-none-eabi/8.2.1/../../../../arm-none-eabi/lib/thumb/v7e-m+fp/hard\libc.a(lib_a-vsprintf.o)
                0x08004f44                vsprintf
 .text.startup.register_fini
                0x08004f5c       0x14 c:/coen20/gcc/bin/../lib/gcc/arm-none-eabi/8.2.1/../../../../arm-none-eabi/lib/thumb/v7e-m+fp/hard\libc.a(lib_a-__call_atexit.o)
 .text.__call_exitprocs
                0x08004f70       0xb0 c:/coen20/gcc/bin/../lib/gcc/arm-none-eabi/8.2.1/../../../../arm-none-eabi/lib/thumb/v7e-m+fp/hard\libc.a(lib_a-__call_atexit.o)
                0x08004f70                __call_exitprocs
 .text.atexit   0x08005020        0xc c:/coen20/gcc/bin/../lib/gcc/arm-none-eabi/8.2.1/../../../../arm-none-eabi/lib/thumb/v7e-m+fp/hard\libc.a(lib_a-atexit.o)
                0x08005020                atexit
 .text.quorem   0x0800502c      0x124 c:/coen20/gcc/bin/../lib/gcc/arm-none-eabi/8.2.1/../../../../arm-none-eabi/lib/thumb/v7e-m+fp/hard\libc.a(lib_a-dtoa.o)
 .text._dtoa_r  0x08005150      0xe54 c:/coen20/gcc/bin/../lib/gcc/arm-none-eabi/8.2.1/../../../../arm-none-eabi/lib/thumb/v7e-m+fp/hard\libc.a(lib_a-dtoa.o)
                0x08005150                _dtoa_r
 .text.__libc_fini_array
                0x08005fa4       0x34 c:/coen20/gcc/bin/../lib/gcc/arm-none-eabi/8.2.1/../../../../arm-none-eabi/lib/thumb/v7e-m+fp/hard\libc.a(lib_a-fini.o)
                0x08005fa4                __libc_fini_array
 .text._malloc_trim_r
                0x08005fd8       0xa0 c:/coen20/gcc/bin/../lib/gcc/arm-none-eabi/8.2.1/../../../../arm-none-eabi/lib/thumb/v7e-m+fp/hard\libc.a(lib_a-freer.o)
                0x08005fd8                _malloc_trim_r
 .text._free_r  0x08006078      0x1ec c:/coen20/gcc/bin/../lib/gcc/arm-none-eabi/8.2.1/../../../../arm-none-eabi/lib/thumb/v7e-m+fp/hard\libc.a(lib_a-freer.o)
                0x08006078                _free_r
 .text._localeconv_r
                0x08006264        0x8 c:/coen20/gcc/bin/../lib/gcc/arm-none-eabi/8.2.1/../../../../arm-none-eabi/lib/thumb/v7e-m+fp/hard\libc.a(lib_a-localeconv.o)
                0x08006264                _localeconv_r
 .text.__retarget_lock_acquire_recursive
                0x0800626c        0x4 c:/coen20/gcc/bin/../lib/gcc/arm-none-eabi/8.2.1/../../../../arm-none-eabi/lib/thumb/v7e-m+fp/hard\libc.a(lib_a-lock.o)
                0x0800626c                __retarget_lock_acquire_recursive
 .text.__retarget_lock_release_recursive
                0x08006270        0x4 c:/coen20/gcc/bin/../lib/gcc/arm-none-eabi/8.2.1/../../../../arm-none-eabi/lib/thumb/v7e-m+fp/hard\libc.a(lib_a-lock.o)
                0x08006270                __retarget_lock_release_recursive
 .text._malloc_r
                0x08006274      0x570 c:/coen20/gcc/bin/../lib/gcc/arm-none-eabi/8.2.1/../../../../arm-none-eabi/lib/thumb/v7e-m+fp/hard\libc.a(lib_a-mallocr.o)
                0x08006274                _malloc_r
 *fill*         0x080067e4        0xc 
 .text          0x080067f0       0xa0 c:/coen20/gcc/bin/../lib/gcc/arm-none-eabi/8.2.1/../../../../arm-none-eabi/lib/thumb/v7e-m+fp/hard\libc.a(lib_a-memchr.o)
                0x080067f0                memchr
 .text          0x08006890      0x134 c:/coen20/gcc/bin/../lib/gcc/arm-none-eabi/8.2.1/../../../../arm-none-eabi/lib/thumb/v7e-m+fp/hard\libc.a(lib_a-memcpy.o)
                0x08006890                memcpy
 .text.__malloc_lock
                0x080069c4        0xc c:/coen20/gcc/bin/../lib/gcc/arm-none-eabi/8.2.1/../../../../arm-none-eabi/lib/thumb/v7e-m+fp/hard\libc.a(lib_a-mlock.o)
                0x080069c4                __malloc_lock
 .text.__malloc_unlock
                0x080069d0        0xc c:/coen20/gcc/bin/../lib/gcc/arm-none-eabi/8.2.1/../../../../arm-none-eabi/lib/thumb/v7e-m+fp/hard\libc.a(lib_a-mlock.o)
                0x080069d0                __malloc_unlock
 .text._Balloc  0x080069dc       0x4c c:/coen20/gcc/bin/../lib/gcc/arm-none-eabi/8.2.1/../../../../arm-none-eabi/lib/thumb/v7e-m+fp/hard\libc.a(lib_a-mprec.o)
                0x080069dc                _Balloc
 .text._Bfree   0x08006a28       0x14 c:/coen20/gcc/bin/../lib/gcc/arm-none-eabi/8.2.1/../../../../arm-none-eabi/lib/thumb/v7e-m+fp/hard\libc.a(lib_a-mprec.o)
                0x08006a28                _Bfree
 .text.__multadd
                0x08006a3c       0x8c c:/coen20/gcc/bin/../lib/gcc/arm-none-eabi/8.2.1/../../../../arm-none-eabi/lib/thumb/v7e-m+fp/hard\libc.a(lib_a-mprec.o)
                0x08006a3c                __multadd
 .text.__hi0bits
                0x08006ac8       0x40 c:/coen20/gcc/bin/../lib/gcc/arm-none-eabi/8.2.1/../../../../arm-none-eabi/lib/thumb/v7e-m+fp/hard\libc.a(lib_a-mprec.o)
                0x08006ac8                __hi0bits
 .text.__lo0bits
                0x08006b08       0x60 c:/coen20/gcc/bin/../lib/gcc/arm-none-eabi/8.2.1/../../../../arm-none-eabi/lib/thumb/v7e-m+fp/hard\libc.a(lib_a-mprec.o)
                0x08006b08                __lo0bits
 .text.__i2b    0x08006b68       0x14 c:/coen20/gcc/bin/../lib/gcc/arm-none-eabi/8.2.1/../../../../arm-none-eabi/lib/thumb/v7e-m+fp/hard\libc.a(lib_a-mprec.o)
                0x08006b68                __i2b
 .text.__multiply
                0x08006b7c      0x130 c:/coen20/gcc/bin/../lib/gcc/arm-none-eabi/8.2.1/../../../../arm-none-eabi/lib/thumb/v7e-m+fp/hard\libc.a(lib_a-mprec.o)
                0x08006b7c                __multiply
 .text.__pow5mult
                0x08006cac       0xa0 c:/coen20/gcc/bin/../lib/gcc/arm-none-eabi/8.2.1/../../../../arm-none-eabi/lib/thumb/v7e-m+fp/hard\libc.a(lib_a-mprec.o)
                0x08006cac                __pow5mult
 .text.__lshift
                0x08006d4c       0xb4 c:/coen20/gcc/bin/../lib/gcc/arm-none-eabi/8.2.1/../../../../arm-none-eabi/lib/thumb/v7e-m+fp/hard\libc.a(lib_a-mprec.o)
                0x08006d4c                __lshift
 .text.__mcmp   0x08006e00       0x38 c:/coen20/gcc/bin/../lib/gcc/arm-none-eabi/8.2.1/../../../../arm-none-eabi/lib/thumb/v7e-m+fp/hard\libc.a(lib_a-mprec.o)
                0x08006e00                __mcmp
 .text.__mdiff  0x08006e38       0xf8 c:/coen20/gcc/bin/../lib/gcc/arm-none-eabi/8.2.1/../../../../arm-none-eabi/lib/thumb/v7e-m+fp/hard\libc.a(lib_a-mprec.o)
                0x08006e38                __mdiff
 .text.__d2b    0x08006f30       0xc0 c:/coen20/gcc/bin/../lib/gcc/arm-none-eabi/8.2.1/../../../../arm-none-eabi/lib/thumb/v7e-m+fp/hard\libc.a(lib_a-mprec.o)
                0x08006f30                __d2b
 .text.frexp    0x08006ff0       0x6c c:/coen20/gcc/bin/../lib/gcc/arm-none-eabi/8.2.1/../../../../arm-none-eabi/lib/thumb/v7e-m+fp/hard\libc.a(lib_a-s_frexp.o)
                0x08006ff0                frexp
 .text._sbrk_r  0x0800705c       0x24 c:/coen20/gcc/bin/../lib/gcc/arm-none-eabi/8.2.1/../../../../arm-none-eabi/lib/thumb/v7e-m+fp/hard\libc.a(lib_a-sbrkr.o)
                0x0800705c                _sbrk_r
 .text.strncpy  0x08007080       0x74 c:/coen20/gcc/bin/../lib/gcc/arm-none-eabi/8.2.1/../../../../arm-none-eabi/lib/thumb/v7e-m+fp/hard\libc.a(lib_a-strncpy.o)
                0x08007080                strncpy
 *fill*         0x080070f4        0x4 
 .text._svfprintf_r
                0x080070f8     0x1a3c c:/coen20/gcc/bin/../lib/gcc/arm-none-eabi/8.2.1/../../../../arm-none-eabi/lib/thumb/v7e-m+fp/hard\libc.a(lib_a-svfprintf.o)
                0x080070f8                _svfprintf_r
 .text.__register_exitproc
                0x08008b34       0x88 c:/coen20/gcc/bin/../lib/gcc/arm-none-eabi/8.2.1/../../../../arm-none-eabi/lib/thumb/v7e-m+fp/hard\libc.a(lib_a-__atexit.o)
                0x08008b34                __register_exitproc
 .text._calloc_r
                0x08008bbc       0x60 c:/coen20/gcc/bin/../lib/gcc/arm-none-eabi/8.2.1/../../../../arm-none-eabi/lib/thumb/v7e-m+fp/hard\libc.a(lib_a-callocr.o)
                0x08008bbc                _calloc_r
 .text.__ascii_mbtowc
                0x08008c1c       0x2c c:/coen20/gcc/bin/../lib/gcc/arm-none-eabi/8.2.1/../../../../arm-none-eabi/lib/thumb/v7e-m+fp/hard\libc.a(lib_a-mbtowc_r.o)
                0x08008c1c                __ascii_mbtowc
 .text.memmove  0x08008c48       0xd0 c:/coen20/gcc/bin/../lib/gcc/arm-none-eabi/8.2.1/../../../../arm-none-eabi/lib/thumb/v7e-m+fp/hard\libc.a(lib_a-memmove.o)
                0x08008c48                memmove
 .text._realloc_r
                0x08008d18      0x36c c:/coen20/gcc/bin/../lib/gcc/arm-none-eabi/8.2.1/../../../../arm-none-eabi/lib/thumb/v7e-m+fp/hard\libc.a(lib_a-reallocr.o)
                0x08008d18                _realloc_r
 .text.__ssprint_r
                0x08009084       0xf8 c:/coen20/gcc/bin/../lib/gcc/arm-none-eabi/8.2.1/../../../../arm-none-eabi/lib/thumb/v7e-m+fp/hard\libc.a(lib_a-svfiprintf.o)
                0x08009084                __ssprint_r
 .text.__ascii_wctomb
                0x0800917c       0x1c c:/coen20/gcc/bin/../lib/gcc/arm-none-eabi/8.2.1/../../../../arm-none-eabi/lib/thumb/v7e-m+fp/hard\libc.a(lib_a-wctomb_r.o)
                0x0800917c                __ascii_wctomb
 .text._sbrk    0x08009198       0x1c c:/coen20/gcc/bin/../lib/gcc/arm-none-eabi/8.2.1/../../../../arm-none-eabi/lib/thumb/v7e-m+fp/hard\libnosys.a(sbrk.o)
                0x08009198                _sbrk
 .text._exit    0x080091b4        0x4 c:/coen20/gcc/bin/../lib/gcc/arm-none-eabi/8.2.1/../../../../arm-none-eabi/lib/thumb/v7e-m+fp/hard\libnosys.a(_exit.o)
                0x080091b4                _exit
 .text          0x080091b8      0x378 c:/coen20/gcc/bin/../lib/gcc/arm-none-eabi/8.2.1/thumb/v7e-m+fp/hard\libgcc.a(_arm_addsubdf3.o)
                0x080091b8                __aeabi_drsub
                0x080091c0                __aeabi_dsub
                0x080091c0                __subdf3
                0x080091c4                __aeabi_dadd
                0x080091c4                __adddf3
                0x0800943c                __floatunsidf
                0x0800943c                __aeabi_ui2d
                0x0800945c                __floatsidf
                0x0800945c                __aeabi_i2d
                0x08009480                __aeabi_f2d
                0x08009480                __extendsfdf2
                0x080094c4                __floatundidf
                0x080094c4                __aeabi_ul2d
                0x080094d4                __floatdidf
                0x080094d4                __aeabi_l2d
 .text          0x08009530      0x424 c:/coen20/gcc/bin/../lib/gcc/arm-none-eabi/8.2.1/thumb/v7e-m+fp/hard\libgcc.a(_arm_muldivdf3.o)
                0x08009530                __aeabi_dmul
                0x08009530                __muldf3
                0x08009784                __divdf3
                0x08009784                __aeabi_ddiv
 .text          0x08009954      0x110 c:/coen20/gcc/bin/../lib/gcc/arm-none-eabi/8.2.1/thumb/v7e-m+fp/hard\libgcc.a(_arm_cmpdf2.o)
                0x08009954                __gtdf2
                0x08009954                __gedf2
                0x0800995c                __ltdf2
                0x0800995c                __ledf2
                0x08009964                __nedf2
                0x08009964                __eqdf2
                0x08009964                __cmpdf2
                0x080099e0                __aeabi_cdrcmple
                0x080099f0                __aeabi_cdcmpeq
                0x080099f0                __aeabi_cdcmple
                0x08009a00                __aeabi_dcmpeq
                0x08009a14                __aeabi_dcmplt
                0x08009a28                __aeabi_dcmple
                0x08009a3c                __aeabi_dcmpge
                0x08009a50                __aeabi_dcmpgt
 .text          0x08009a64       0x2c c:/coen20/gcc/bin/../lib/gcc/arm-none-eabi/8.2.1/thumb/v7e-m+fp/hard\libgcc.a(_arm_unorddf2.o)
                0x08009a64                __unorddf2
                0x08009a64                __aeabi_dcmpun
 .text          0x08009a90       0x50 c:/coen20/gcc/bin/../lib/gcc/arm-none-eabi/8.2.1/thumb/v7e-m+fp/hard\libgcc.a(_arm_fixdfsi.o)
                0x08009a90                __aeabi_d2iz
                0x08009a90                __fixdfsi
 .text          0x08009ae0       0x30 c:/coen20/gcc/bin/../lib/gcc/arm-none-eabi/8.2.1/thumb/v7e-m+fp/hard\libgcc.a(_aeabi_uldivmod.o)
                0x08009ae0                __aeabi_uldivmod
 .text          0x08009b10      0x2d0 c:/coen20/gcc/bin/../lib/gcc/arm-none-eabi/8.2.1/thumb/v7e-m+fp/hard\libgcc.a(_udivmoddi4.o)
                0x08009b10                __udivmoddi4
 .text          0x08009de0        0x4 c:/coen20/gcc/bin/../lib/gcc/arm-none-eabi/8.2.1/thumb/v7e-m+fp/hard\libgcc.a(_dvmd_tls.o)
                0x08009de0                __aeabi_idiv0
                0x08009de0                __aeabi_ldiv0
 *(.init)
 .init          0x08009de4        0x4 c:/coen20/gcc/bin/../lib/gcc/arm-none-eabi/8.2.1/thumb/v7e-m+fp/hard/crti.o
                0x08009de4                _init
 .init          0x08009de8        0x8 c:/coen20/gcc/bin/../lib/gcc/arm-none-eabi/8.2.1/thumb/v7e-m+fp/hard/crtn.o
 *(.fini)
 .fini          0x08009df0        0x4 c:/coen20/gcc/bin/../lib/gcc/arm-none-eabi/8.2.1/thumb/v7e-m+fp/hard/crti.o
                0x08009df0                _fini
 .fini          0x08009df4        0x8 c:/coen20/gcc/bin/../lib/gcc/arm-none-eabi/8.2.1/thumb/v7e-m+fp/hard/crtn.o
 *crtbegin.o(.ctors)
 *crtbegin?.o(.ctors)
 *(EXCLUDE_FILE(*crtend.o *crtend?.o) .ctors)
 *(SORT_BY_NAME(.ctors.*))
 *(.ctors)
 *crtbegin.o(.dtors)
 *crtbegin?.o(.dtors)
 *(EXCLUDE_FILE(*crtend.o *crtend?.o) .dtors)
 *(SORT_BY_NAME(.dtors.*))
 *(.dtors)
 *(.rodata*)
 .rodata.Error.str1.4
                0x08009dfc       0x3d obj/Lab1Main.o
 *fill*         0x08009e39        0x3 
 .rodata.main.str1.4
                0x08009e3c       0xcc obj/Lab1Main.o
 .rodata.DisplayHeader.str1.1
                0x08009f08       0x27 library.a(initialize.o)
 .rodata.Font12_Table
                0x08009f2f      0x474 library.a(stm32f429i_discovery_lcd.o)
                0x08009f2f                Font12_Table
 .rodata.Font16_Table
                0x0800a3a3      0xbe0 library.a(stm32f429i_discovery_lcd.o)
                0x0800a3a3                Font16_Table
 .rodata.Font20_Table
                0x0800af83      0xed8 library.a(stm32f429i_discovery_lcd.o)
                0x0800af83                Font20_Table
 .rodata.Font24_Table
                0x0800be5b     0x1ab8 library.a(stm32f429i_discovery_lcd.o)
                0x0800be5b                Font24_Table
 .rodata.Font8_Table
                0x0800d913      0x2f8 library.a(stm32f429i_discovery_lcd.o)
                0x0800d913                Font8_Table
 .rodata.APBAHBPrescTable
                0x0800dc0b       0x10 library.a(stm32f4xx_hal_rcc.o)
                0x0800dc0b                APBAHBPrescTable
 *fill*         0x0800dc1b        0x1 
 .rodata._global_impure_ptr
                0x0800dc1c        0x4 c:/coen20/gcc/bin/../lib/gcc/arm-none-eabi/8.2.1/../../../../arm-none-eabi/lib/thumb/v7e-m+fp/hard\libc.a(lib_a-impure.o)
                0x0800dc1c                _global_impure_ptr
 .rodata._dtoa_r.str1.4
                0x0800dc20        0xd c:/coen20/gcc/bin/../lib/gcc/arm-none-eabi/8.2.1/../../../../arm-none-eabi/lib/thumb/v7e-m+fp/hard\libc.a(lib_a-dtoa.o)
                                 0x12 (size before relaxing)
 *fill*         0x0800dc2d        0x3 
 .rodata.__mprec_bigtens
                0x0800dc30       0x28 c:/coen20/gcc/bin/../lib/gcc/arm-none-eabi/8.2.1/../../../../arm-none-eabi/lib/thumb/v7e-m+fp/hard\libc.a(lib_a-mprec.o)
                0x0800dc30                __mprec_bigtens
 .rodata.__mprec_tens
                0x0800dc58       0xc8 c:/coen20/gcc/bin/../lib/gcc/arm-none-eabi/8.2.1/../../../../arm-none-eabi/lib/thumb/v7e-m+fp/hard\libc.a(lib_a-mprec.o)
                0x0800dc58                __mprec_tens
 .rodata.p05.7442
                0x0800dd20        0xc c:/coen20/gcc/bin/../lib/gcc/arm-none-eabi/8.2.1/../../../../arm-none-eabi/lib/thumb/v7e-m+fp/hard\libc.a(lib_a-mprec.o)
 .rodata._svfprintf_r.str1.4
                0x0800dd2c       0x3f c:/coen20/gcc/bin/../lib/gcc/arm-none-eabi/8.2.1/../../../../arm-none-eabi/lib/thumb/v7e-m+fp/hard\libc.a(lib_a-svfprintf.o)
                                 0x42 (size before relaxing)
 *fill*         0x0800dd6b        0x1 
 .rodata.blanks.8672
                0x0800dd6c       0x10 c:/coen20/gcc/bin/../lib/gcc/arm-none-eabi/8.2.1/../../../../arm-none-eabi/lib/thumb/v7e-m+fp/hard\libc.a(lib_a-svfprintf.o)
 .rodata.zeroes.8673
                0x0800dd7c       0x10 c:/coen20/gcc/bin/../lib/gcc/arm-none-eabi/8.2.1/../../../../arm-none-eabi/lib/thumb/v7e-m+fp/hard\libc.a(lib_a-svfprintf.o)
 .rodata._setlocale_r.str1.4
                0x0800dd8c        0xa c:/coen20/gcc/bin/../lib/gcc/arm-none-eabi/8.2.1/../../../../arm-none-eabi/lib/thumb/v7e-m+fp/hard\libc.a(lib_a-locale.o)
                                  0xd (size before relaxing)
 *fill*         0x0800dd96        0x2 
 .rodata.str1.4
                0x0800dd98        0x4 c:/coen20/gcc/bin/../lib/gcc/arm-none-eabi/8.2.1/../../../../arm-none-eabi/lib/thumb/v7e-m+fp/hard\libc.a(lib_a-locale.o)
                                  0x2 (size before relaxing)
 .rodata._ctype_
                0x0800dd9c      0x101 c:/coen20/gcc/bin/../lib/gcc/arm-none-eabi/8.2.1/../../../../arm-none-eabi/lib/thumb/v7e-m+fp/hard\libc.a(lib_a-ctype_.o)
                0x0800dd9c                _ctype_
 *(.eh_frame*)
 *fill*         0x0800de9d        0x3 
 .eh_frame      0x0800dea0        0x0 c:/coen20/gcc/bin/../lib/gcc/arm-none-eabi/8.2.1/thumb/v7e-m+fp/hard/crtbegin.o
 .eh_frame      0x0800dea0        0x4 c:/coen20/gcc/bin/../lib/gcc/arm-none-eabi/8.2.1/thumb/v7e-m+fp/hard/crtend.o

.glue_7         0x0800dea4        0x0
 .glue_7        0x0800dea4        0x0 linker stubs

.glue_7t        0x0800dea4        0x0
 .glue_7t       0x0800dea4        0x0 linker stubs

.vfp11_veneer   0x0800dea4        0x0
 .vfp11_veneer  0x0800dea4        0x0 linker stubs

.v4_bx          0x0800dea4        0x0
 .v4_bx         0x0800dea4        0x0 linker stubs

.iplt           0x0800dea4        0x0
 .iplt          0x0800dea4        0x0 c:/coen20/gcc/bin/../lib/gcc/arm-none-eabi/8.2.1/thumb/v7e-m+fp/hard/crtbegin.o

.ARM.extab
 *(.ARM.extab* .gnu.linkonce.armextab.*)
                0x0800dea4                __exidx_start = .

.ARM.exidx      0x0800dea4        0x8
 *(.ARM.exidx* .gnu.linkonce.armexidx.*)
 .ARM.exidx     0x0800dea4        0x8 c:/coen20/gcc/bin/../lib/gcc/arm-none-eabi/8.2.1/../../../../arm-none-eabi/lib/thumb/v7e-m+fp/hard/crt0.o
 .ARM.exidx     0x0800deac        0x0 c:/coen20/gcc/bin/../lib/gcc/arm-none-eabi/8.2.1/thumb/v7e-m+fp/hard\libgcc.a(_udivmoddi4.o)
                                  0x8 (size before relaxing)
                0x0800deac                __exidx_end = .
                0x0800deac                __etext = .

.rel.dyn        0x0800deac        0x0
 .rel.iplt      0x0800deac        0x0 c:/coen20/gcc/bin/../lib/gcc/arm-none-eabi/8.2.1/thumb/v7e-m+fp/hard/crtbegin.o

.data           0x20000000      0xa50 load address 0x0800deac
                0x20000000                __data_start__ = .
 *(vtable)
 *(.data*)
 .data.coef.6888
                0x20000000       0x20 obj/Lab1Main.o
 .data.oldY.6825
                0x20000020        0x4 obj/Lab1Main.o
 .data.oldY.6836
                0x20000024        0x4 obj/Lab1Main.o
 .data.BUTTON_PORT
                0x20000028        0x4 library.a(stm32f429i_discovery.o)
                0x20000028                BUTTON_PORT
 .data.SpixTimeout
                0x2000002c        0x4 library.a(stm32f429i_discovery.o)
                0x2000002c                SpixTimeout
 .data.Font12   0x20000030        0x8 library.a(stm32f429i_discovery_lcd.o)
                0x20000030                Font12
 .data.Font16   0x20000038        0x8 library.a(stm32f429i_discovery_lcd.o)
                0x20000038                Font16
 .data.Font20   0x20000040        0x8 library.a(stm32f429i_discovery_lcd.o)
                0x20000040                Font20
 .data.Font24   0x20000048        0x8 library.a(stm32f429i_discovery_lcd.o)
                0x20000048                Font24
 .data.Font8    0x20000050        0x8 library.a(stm32f429i_discovery_lcd.o)
                0x20000050                Font8
 .data.SystemCoreClock
                0x20000058        0x4 library.a(system_stm32f4xx.o)
                0x20000058                SystemCoreClock
 .data.ili9341_drv
                0x2000005c       0x38 library.a(ili9341.o)
                0x2000005c                ili9341_drv
 .data._impure_ptr
                0x20000094        0x4 c:/coen20/gcc/bin/../lib/gcc/arm-none-eabi/8.2.1/../../../../arm-none-eabi/lib/thumb/v7e-m+fp/hard\libc.a(lib_a-impure.o)
                0x20000094                _impure_ptr
 .data.impure_data
                0x20000098      0x428 c:/coen20/gcc/bin/../lib/gcc/arm-none-eabi/8.2.1/../../../../arm-none-eabi/lib/thumb/v7e-m+fp/hard\libc.a(lib_a-impure.o)
 .data.__atexit_recursive_mutex
                0x200004c0        0x4 c:/coen20/gcc/bin/../lib/gcc/arm-none-eabi/8.2.1/../../../../arm-none-eabi/lib/thumb/v7e-m+fp/hard\libc.a(lib_a-__call_atexit.o)
                0x200004c0                __atexit_recursive_mutex
 .data.__malloc_av_
                0x200004c4      0x408 c:/coen20/gcc/bin/../lib/gcc/arm-none-eabi/8.2.1/../../../../arm-none-eabi/lib/thumb/v7e-m+fp/hard\libc.a(lib_a-mallocr.o)
                0x200004c4                __malloc_av_
 .data.__malloc_sbrk_base
                0x200008cc        0x4 c:/coen20/gcc/bin/../lib/gcc/arm-none-eabi/8.2.1/../../../../arm-none-eabi/lib/thumb/v7e-m+fp/hard\libc.a(lib_a-mallocr.o)
                0x200008cc                __malloc_sbrk_base
 .data.__malloc_trim_threshold
                0x200008d0        0x4 c:/coen20/gcc/bin/../lib/gcc/arm-none-eabi/8.2.1/../../../../arm-none-eabi/lib/thumb/v7e-m+fp/hard\libc.a(lib_a-mallocr.o)
                0x200008d0                __malloc_trim_threshold
 .data.__global_locale
                0x200008d4      0x16c c:/coen20/gcc/bin/../lib/gcc/arm-none-eabi/8.2.1/../../../../arm-none-eabi/lib/thumb/v7e-m+fp/hard\libc.a(lib_a-locale.o)
                0x200008d4                __global_locale
                0x20000a40                . = ALIGN (0x4)
                0x20000a40                PROVIDE (__preinit_array_start = .)
 *(.preinit_array)
                0x20000a40                PROVIDE (__preinit_array_end = .)
                0x20000a40                . = ALIGN (0x4)
                0x20000a40                PROVIDE (__init_array_start = .)
 *(SORT_BY_NAME(.init_array.*))
 .init_array.00000
                0x20000a40        0x4 c:/coen20/gcc/bin/../lib/gcc/arm-none-eabi/8.2.1/../../../../arm-none-eabi/lib/thumb/v7e-m+fp/hard\libc.a(lib_a-__call_atexit.o)
 *(.init_array)
 .init_array    0x20000a44        0x4 c:/coen20/gcc/bin/../lib/gcc/arm-none-eabi/8.2.1/thumb/v7e-m+fp/hard/crtbegin.o
                0x20000a48                PROVIDE (__init_array_end = .)
                0x20000a48                . = ALIGN (0x8)
                0x20000a48                PROVIDE (__fini_array_start = .)
 *(SORT_BY_NAME(.fini_array.*))
 *(.fini_array)
 .fini_array    0x20000a48        0x4 c:/coen20/gcc/bin/../lib/gcc/arm-none-eabi/8.2.1/thumb/v7e-m+fp/hard/crtbegin.o
                0x20000a4c                PROVIDE (__fini_array_end = .)
                0x20000a50                . = ALIGN (0x8)
 *fill*         0x20000a4c        0x4 
                0x20000a50                __data_end__ = .

.igot.plt       0x20000a50        0x0 load address 0x0800e8fc
 .igot.plt      0x20000a50        0x0 c:/coen20/gcc/bin/../lib/gcc/arm-none-eabi/8.2.1/thumb/v7e-m+fp/hard/crtbegin.o

.bss            0x20000a50      0x918 load address 0x0800e8fc
                0x20000a50                __bss_start__ = .
 *(.bss*)
 .bss           0x20000a50       0x1c c:/coen20/gcc/bin/../lib/gcc/arm-none-eabi/8.2.1/thumb/v7e-m+fp/hard/crtbegin.o
 .bss.bfr.6847  0x20000a6c        0x9 obj/Lab1Main.o
 *fill*         0x20000a75        0x3 
 .bss.erase.6881
                0x20000a78        0x4 obj/Lab1Main.o
 .bss.step.6957
                0x20000a7c        0x4 obj/Lab1Main.o
 .bss.timeout.6826
                0x20000a80        0x4 obj/Lab1Main.o
 .bss.timeout.6837
                0x20000a84        0x4 obj/Lab1Main.o
 .bss.x1.6875   0x20000a88        0x4 obj/Lab1Main.o
 .bss.x2.6876   0x20000a8c        0x4 obj/Lab1Main.o
 .bss.x3.6877   0x20000a90        0x4 obj/Lab1Main.o
 .bss.y1.6878   0x20000a94        0x4 obj/Lab1Main.o
 .bss.y2.6879   0x20000a98        0x4 obj/Lab1Main.o
 .bss.y3.6880   0x20000a9c        0x4 obj/Lab1Main.o
 .bss.buffer    0x20000aa0      0x620 library.a(initialize.o)
 .bss.Is_LCD_IO_Initialized
                0x200010c0        0x1 library.a(stm32f429i_discovery.o)
 *fill*         0x200010c1        0x3 
 .bss.SpiHandle
                0x200010c4       0x58 library.a(stm32f429i_discovery.o)
 .bss.ActiveLayer
                0x2000111c        0x4 library.a(stm32f429i_discovery_lcd.o)
 .bss.Dma2dHandler
                0x20001120       0x40 library.a(stm32f429i_discovery_lcd.o)
 .bss.DrawProp  0x20001160       0x18 library.a(stm32f429i_discovery_lcd.o)
 .bss.LtdcHandler
                0x20001178       0xa8 library.a(stm32f429i_discovery_lcd.o)
 .bss.PeriphClkInitStruct
                0x20001220       0x30 library.a(stm32f429i_discovery_lcd.o)
 .bss.Command   0x20001250       0x10 library.a(stm32f429i_discovery_sdram.o)
 .bss.SdramHandle
                0x20001260       0x34 library.a(stm32f429i_discovery_sdram.o)
 .bss.Timing    0x20001294       0x1c library.a(stm32f429i_discovery_sdram.o)
 .bss.dmaHandle.11858
                0x200012b0       0x50 library.a(stm32f429i_discovery_sdram.o)
 .bss.uwTick    0x20001300        0x4 library.a(stm32f4xx_hal.o)
 .bss.__malloc_current_mallinfo
                0x20001304       0x28 c:/coen20/gcc/bin/../lib/gcc/arm-none-eabi/8.2.1/../../../../arm-none-eabi/lib/thumb/v7e-m+fp/hard\libc.a(lib_a-mallocr.o)
                0x20001304                __malloc_current_mallinfo
 .bss.__malloc_max_sbrked_mem
                0x2000132c        0x4 c:/coen20/gcc/bin/../lib/gcc/arm-none-eabi/8.2.1/../../../../arm-none-eabi/lib/thumb/v7e-m+fp/hard\libc.a(lib_a-mallocr.o)
                0x2000132c                __malloc_max_sbrked_mem
 .bss.__malloc_max_total_mem
                0x20001330        0x4 c:/coen20/gcc/bin/../lib/gcc/arm-none-eabi/8.2.1/../../../../arm-none-eabi/lib/thumb/v7e-m+fp/hard\libc.a(lib_a-mallocr.o)
                0x20001330                __malloc_max_total_mem
 .bss.__malloc_top_pad
                0x20001334        0x4 c:/coen20/gcc/bin/../lib/gcc/arm-none-eabi/8.2.1/../../../../arm-none-eabi/lib/thumb/v7e-m+fp/hard\libc.a(lib_a-mallocr.o)
                0x20001334                __malloc_top_pad
 .bss.heap_end.5501
                0x20001338        0x4 c:/coen20/gcc/bin/../lib/gcc/arm-none-eabi/8.2.1/../../../../arm-none-eabi/lib/thumb/v7e-m+fp/hard\libnosys.a(sbrk.o)
 *(COMMON)
 COMMON         0x2000133c        0x4 library.a(stm32f429i_discovery_lcd.o)
                0x2000133c                LcdDrv
 COMMON         0x20001340       0x21 c:/coen20/gcc/bin/../lib/gcc/arm-none-eabi/8.2.1/../../../../arm-none-eabi/lib/thumb/v7e-m+fp/hard\libc.a(lib_a-lock.o)
                0x20001340                __lock___atexit_recursive_mutex
                0x20001344                __lock___arc4random_mutex
                0x20001348                __lock___env_recursive_mutex
                0x2000134c                __lock___sinit_recursive_mutex
                0x20001350                __lock___malloc_recursive_mutex
                0x20001354                __lock___at_quick_exit_mutex
                0x20001358                __lock___dd_hash_mutex
                0x2000135c                __lock___tz_mutex
                0x20001360                __lock___sfp_recursive_mutex
 *fill*         0x20001361        0x3 
 COMMON         0x20001364        0x4 c:/coen20/gcc/bin/../lib/gcc/arm-none-eabi/8.2.1/../../../../arm-none-eabi/lib/thumb/v7e-m+fp/hard\libc.a(lib_a-reent.o)
                0x20001364                errno
                0x20001368                __bss_end__ = .

.ccm            0x10000000        0x0
                0x10000000                . = ALIGN (0x4)
                0x10000000                __ccm_start__ = .
 *(.ccm*)
                0x10000000                . = ALIGN (0x4)
                0x10000000                __ccm_end__ = .

.heap           0x10000000      0xc00
                0x10000000                __end__ = .
                0x10000000                end = __end__
 *(.heap*)
 .heap          0x10000000      0xc00 library.a(startup_stm32f429xx.o)
                0x10000000                __HeapBase
                0x10000c00                __HeapLimit = .

.stack_dummy    0x10000000     0x1000
 *(.stack)
 .stack         0x10000000     0x1000 library.a(startup_stm32f429xx.o)
                0x10010000                __StackTop = (ORIGIN (CCM) + LENGTH (CCM))
                0x1000f000                __StackLimit = (__StackTop - SIZEOF (.stack_dummy))
                0x10010000                PROVIDE (__stack = __StackTop)
                0x00000001                ASSERT ((__StackLimit >= __HeapLimit), region CCM overflowed with stack)
OUTPUT(output.elf elf32-littlearm)

.ARM.attributes
                0x00000000       0x30
 .ARM.attributes
                0x00000000       0x1e c:/coen20/gcc/bin/../lib/gcc/arm-none-eabi/8.2.1/thumb/v7e-m+fp/hard/crti.o
 .ARM.attributes
                0x0000001e       0x34 c:/coen20/gcc/bin/../lib/gcc/arm-none-eabi/8.2.1/thumb/v7e-m+fp/hard/crtbegin.o
 .ARM.attributes
                0x00000052       0x1c c:/coen20/gcc/bin/../lib/gcc/arm-none-eabi/8.2.1/../../../../arm-none-eabi/lib/thumb/v7e-m+fp/hard/crt0.o
 .ARM.attributes
                0x0000006e       0x34 obj/Lab1BinCon.o
 .ARM.attributes
                0x000000a2       0x34 obj/Lab1Main.o
 .ARM.attributes
                0x000000d6       0x39 library.a(initialize.o)
 .ARM.attributes
                0x0000010f       0x39 library.a(stm32f429i_discovery.o)
 .ARM.attributes
                0x00000148       0x39 library.a(stm32f429i_discovery_lcd.o)
 .ARM.attributes
                0x00000181       0x39 library.a(stm32f429i_discovery_sdram.o)
 .ARM.attributes
                0x000001ba       0x39 library.a(stm32f4xx_hal.o)
 .ARM.attributes
                0x000001f3       0x39 library.a(stm32f4xx_hal_cortex.o)
 .ARM.attributes
                0x0000022c       0x39 library.a(stm32f4xx_hal_dma.o)
 .ARM.attributes
                0x00000265       0x39 library.a(stm32f4xx_hal_dma2d.o)
 .ARM.attributes
                0x0000029e       0x39 library.a(stm32f4xx_hal_gpio.o)
 .ARM.attributes
                0x000002d7       0x39 library.a(stm32f4xx_hal_ltdc.o)
 .ARM.attributes
                0x00000310       0x39 library.a(stm32f4xx_hal_rcc.o)
 .ARM.attributes
                0x00000349       0x39 library.a(stm32f4xx_hal_rcc_ex.o)
 .ARM.attributes
                0x00000382       0x39 library.a(stm32f4xx_hal_sdram.o)
 .ARM.attributes
                0x000003bb       0x39 library.a(stm32f4xx_hal_spi.o)
 .ARM.attributes
                0x000003f4       0x39 library.a(stm32f4xx_it.o)
 .ARM.attributes
                0x0000042d       0x39 library.a(stm32f4xx_ll_fmc.o)
 .ARM.attributes
                0x00000466       0x39 library.a(system_stm32f4xx.o)
 .ARM.attributes
                0x0000049f       0x1f library.a(startup_stm32f429xx.o)
 .ARM.attributes
                0x000004be       0x39 library.a(ili9341.o)
 .ARM.attributes
                0x000004f7       0x34 c:/coen20/gcc/bin/../lib/gcc/arm-none-eabi/8.2.1/../../../../arm-none-eabi/lib/thumb/v7e-m+fp/hard\libc.a(lib_a-exit.o)
 .ARM.attributes
                0x0000052b       0x32 c:/coen20/gcc/bin/../lib/gcc/arm-none-eabi/8.2.1/../../../../arm-none-eabi/lib/thumb/v7e-m+fp/hard\libc.a(lib_a-impure.o)
 .ARM.attributes
                0x0000055d       0x34 c:/coen20/gcc/bin/../lib/gcc/arm-none-eabi/8.2.1/../../../../arm-none-eabi/lib/thumb/v7e-m+fp/hard\libc.a(lib_a-init.o)
 .ARM.attributes
                0x00000591       0x34 c:/coen20/gcc/bin/../lib/gcc/arm-none-eabi/8.2.1/../../../../arm-none-eabi/lib/thumb/v7e-m+fp/hard\libc.a(lib_a-memset.o)
 .ARM.attributes
                0x000005c5       0x1c c:/coen20/gcc/bin/../lib/gcc/arm-none-eabi/8.2.1/../../../../arm-none-eabi/lib/thumb/v7e-m+fp/hard\libc.a(lib_a-strlen.o)
 .ARM.attributes
                0x000005e1       0x34 c:/coen20/gcc/bin/../lib/gcc/arm-none-eabi/8.2.1/../../../../arm-none-eabi/lib/thumb/v7e-m+fp/hard\libc.a(lib_a-vsprintf.o)
 .ARM.attributes
                0x00000615       0x34 c:/coen20/gcc/bin/../lib/gcc/arm-none-eabi/8.2.1/../../../../arm-none-eabi/lib/thumb/v7e-m+fp/hard\libc.a(lib_a-__call_atexit.o)
 .ARM.attributes
                0x00000649       0x34 c:/coen20/gcc/bin/../lib/gcc/arm-none-eabi/8.2.1/../../../../arm-none-eabi/lib/thumb/v7e-m+fp/hard\libc.a(lib_a-atexit.o)
 .ARM.attributes
                0x0000067d       0x34 c:/coen20/gcc/bin/../lib/gcc/arm-none-eabi/8.2.1/../../../../arm-none-eabi/lib/thumb/v7e-m+fp/hard\libc.a(lib_a-dtoa.o)
 .ARM.attributes
                0x000006b1       0x34 c:/coen20/gcc/bin/../lib/gcc/arm-none-eabi/8.2.1/../../../../arm-none-eabi/lib/thumb/v7e-m+fp/hard\libc.a(lib_a-fini.o)
 .ARM.attributes
                0x000006e5       0x34 c:/coen20/gcc/bin/../lib/gcc/arm-none-eabi/8.2.1/../../../../arm-none-eabi/lib/thumb/v7e-m+fp/hard\libc.a(lib_a-freer.o)
 .ARM.attributes
                0x00000719       0x34 c:/coen20/gcc/bin/../lib/gcc/arm-none-eabi/8.2.1/../../../../arm-none-eabi/lib/thumb/v7e-m+fp/hard\libc.a(lib_a-localeconv.o)
 .ARM.attributes
                0x0000074d       0x34 c:/coen20/gcc/bin/../lib/gcc/arm-none-eabi/8.2.1/../../../../arm-none-eabi/lib/thumb/v7e-m+fp/hard\libc.a(lib_a-lock.o)
 .ARM.attributes
                0x00000781       0x34 c:/coen20/gcc/bin/../lib/gcc/arm-none-eabi/8.2.1/../../../../arm-none-eabi/lib/thumb/v7e-m+fp/hard\libc.a(lib_a-mallocr.o)
 .ARM.attributes
                0x000007b5       0x1c c:/coen20/gcc/bin/../lib/gcc/arm-none-eabi/8.2.1/../../../../arm-none-eabi/lib/thumb/v7e-m+fp/hard\libc.a(lib_a-memchr.o)
 .ARM.attributes
                0x000007d1       0x1c c:/coen20/gcc/bin/../lib/gcc/arm-none-eabi/8.2.1/../../../../arm-none-eabi/lib/thumb/v7e-m+fp/hard\libc.a(lib_a-memcpy.o)
 .ARM.attributes
                0x000007ed       0x34 c:/coen20/gcc/bin/../lib/gcc/arm-none-eabi/8.2.1/../../../../arm-none-eabi/lib/thumb/v7e-m+fp/hard\libc.a(lib_a-mlock.o)
 .ARM.attributes
                0x00000821       0x34 c:/coen20/gcc/bin/../lib/gcc/arm-none-eabi/8.2.1/../../../../arm-none-eabi/lib/thumb/v7e-m+fp/hard\libc.a(lib_a-mprec.o)
 .ARM.attributes
                0x00000855       0x34 c:/coen20/gcc/bin/../lib/gcc/arm-none-eabi/8.2.1/../../../../arm-none-eabi/lib/thumb/v7e-m+fp/hard\libc.a(lib_a-s_frexp.o)
 .ARM.attributes
                0x00000889       0x34 c:/coen20/gcc/bin/../lib/gcc/arm-none-eabi/8.2.1/../../../../arm-none-eabi/lib/thumb/v7e-m+fp/hard\libc.a(lib_a-sbrkr.o)
 .ARM.attributes
                0x000008bd       0x34 c:/coen20/gcc/bin/../lib/gcc/arm-none-eabi/8.2.1/../../../../arm-none-eabi/lib/thumb/v7e-m+fp/hard\libc.a(lib_a-strncpy.o)
 .ARM.attributes
                0x000008f1       0x34 c:/coen20/gcc/bin/../lib/gcc/arm-none-eabi/8.2.1/../../../../arm-none-eabi/lib/thumb/v7e-m+fp/hard\libc.a(lib_a-svfprintf.o)
 .ARM.attributes
                0x00000925       0x34 c:/coen20/gcc/bin/../lib/gcc/arm-none-eabi/8.2.1/../../../../arm-none-eabi/lib/thumb/v7e-m+fp/hard\libc.a(lib_a-__atexit.o)
 .ARM.attributes
                0x00000959       0x34 c:/coen20/gcc/bin/../lib/gcc/arm-none-eabi/8.2.1/../../../../arm-none-eabi/lib/thumb/v7e-m+fp/hard\libc.a(lib_a-callocr.o)
 .ARM.attributes
                0x0000098d       0x34 c:/coen20/gcc/bin/../lib/gcc/arm-none-eabi/8.2.1/../../../../arm-none-eabi/lib/thumb/v7e-m+fp/hard\libc.a(lib_a-locale.o)
 .ARM.attributes
                0x000009c1       0x34 c:/coen20/gcc/bin/../lib/gcc/arm-none-eabi/8.2.1/../../../../arm-none-eabi/lib/thumb/v7e-m+fp/hard\libc.a(lib_a-mbtowc_r.o)
 .ARM.attributes
                0x000009f5       0x34 c:/coen20/gcc/bin/../lib/gcc/arm-none-eabi/8.2.1/../../../../arm-none-eabi/lib/thumb/v7e-m+fp/hard\libc.a(lib_a-memmove.o)
 .ARM.attributes
                0x00000a29       0x34 c:/coen20/gcc/bin/../lib/gcc/arm-none-eabi/8.2.1/../../../../arm-none-eabi/lib/thumb/v7e-m+fp/hard\libc.a(lib_a-reallocr.o)
 .ARM.attributes
                0x00000a5d       0x34 c:/coen20/gcc/bin/../lib/gcc/arm-none-eabi/8.2.1/../../../../arm-none-eabi/lib/thumb/v7e-m+fp/hard\libc.a(lib_a-reent.o)
 .ARM.attributes
                0x00000a91       0x34 c:/coen20/gcc/bin/../lib/gcc/arm-none-eabi/8.2.1/../../../../arm-none-eabi/lib/thumb/v7e-m+fp/hard\libc.a(lib_a-svfiprintf.o)
 .ARM.attributes
                0x00000ac5       0x34 c:/coen20/gcc/bin/../lib/gcc/arm-none-eabi/8.2.1/../../../../arm-none-eabi/lib/thumb/v7e-m+fp/hard\libc.a(lib_a-wctomb_r.o)
 .ARM.attributes
                0x00000af9       0x32 c:/coen20/gcc/bin/../lib/gcc/arm-none-eabi/8.2.1/../../../../arm-none-eabi/lib/thumb/v7e-m+fp/hard\libc.a(lib_a-ctype_.o)
 .ARM.attributes
                0x00000b2b       0x34 c:/coen20/gcc/bin/../lib/gcc/arm-none-eabi/8.2.1/../../../../arm-none-eabi/lib/thumb/v7e-m+fp/hard\libnosys.a(sbrk.o)
 .ARM.attributes
                0x00000b5f       0x34 c:/coen20/gcc/bin/../lib/gcc/arm-none-eabi/8.2.1/../../../../arm-none-eabi/lib/thumb/v7e-m+fp/hard\libnosys.a(_exit.o)
 .ARM.attributes
                0x00000b93       0x1e c:/coen20/gcc/bin/../lib/gcc/arm-none-eabi/8.2.1/thumb/v7e-m+fp/hard\libgcc.a(_arm_addsubdf3.o)
 .ARM.attributes
                0x00000bb1       0x1e c:/coen20/gcc/bin/../lib/gcc/arm-none-eabi/8.2.1/thumb/v7e-m+fp/hard\libgcc.a(_arm_muldivdf3.o)
 .ARM.attributes
                0x00000bcf       0x1e c:/coen20/gcc/bin/../lib/gcc/arm-none-eabi/8.2.1/thumb/v7e-m+fp/hard\libgcc.a(_arm_cmpdf2.o)
 .ARM.attributes
                0x00000bed       0x1e c:/coen20/gcc/bin/../lib/gcc/arm-none-eabi/8.2.1/thumb/v7e-m+fp/hard\libgcc.a(_arm_unorddf2.o)
 .ARM.attributes
                0x00000c0b       0x1e c:/coen20/gcc/bin/../lib/gcc/arm-none-eabi/8.2.1/thumb/v7e-m+fp/hard\libgcc.a(_arm_fixdfsi.o)
 .ARM.attributes
                0x00000c29       0x1e c:/coen20/gcc/bin/../lib/gcc/arm-none-eabi/8.2.1/thumb/v7e-m+fp/hard\libgcc.a(_aeabi_uldivmod.o)
 .ARM.attributes
                0x00000c47       0x34 c:/coen20/gcc/bin/../lib/gcc/arm-none-eabi/8.2.1/thumb/v7e-m+fp/hard\libgcc.a(_udivmoddi4.o)
 .ARM.attributes
                0x00000c7b       0x1e c:/coen20/gcc/bin/../lib/gcc/arm-none-eabi/8.2.1/thumb/v7e-m+fp/hard\libgcc.a(_dvmd_tls.o)
 .ARM.attributes
                0x00000c99       0x32 c:/coen20/gcc/bin/../lib/gcc/arm-none-eabi/8.2.1/thumb/v7e-m+fp/hard/crtend.o
 .ARM.attributes
                0x00000ccb       0x1e c:/coen20/gcc/bin/../lib/gcc/arm-none-eabi/8.2.1/thumb/v7e-m+fp/hard/crtn.o

.comment        0x00000000      0x172
 .comment       0x00000000       0x75 obj/Lab1BinCon.o
                                 0x76 (size before relaxing)
 .comment       0x00000075       0x76 obj/Lab1Main.o
 .comment       0x00000075       0x7e library.a(initialize.o)
                                 0x7f (size before relaxing)
 .comment       0x000000f3       0x7f library.a(stm32f429i_discovery.o)
                                 0x80 (size before relaxing)
 .comment       0x00000172       0x80 library.a(stm32f429i_discovery_lcd.o)
 .comment       0x00000172       0x80 library.a(stm32f429i_discovery_sdram.o)
 .comment       0x00000172       0x80 library.a(stm32f4xx_hal.o)
 .comment       0x00000172       0x80 library.a(stm32f4xx_hal_cortex.o)
 .comment       0x00000172       0x80 library.a(stm32f4xx_hal_dma.o)
 .comment       0x00000172       0x80 library.a(stm32f4xx_hal_dma2d.o)
 .comment       0x00000172       0x80 library.a(stm32f4xx_hal_gpio.o)
 .comment       0x00000172       0x80 library.a(stm32f4xx_hal_ltdc.o)
 .comment       0x00000172       0x80 library.a(stm32f4xx_hal_rcc.o)
 .comment       0x00000172       0x80 library.a(stm32f4xx_hal_rcc_ex.o)
 .comment       0x00000172       0x80 library.a(stm32f4xx_hal_sdram.o)
 .comment       0x00000172       0x80 library.a(stm32f4xx_hal_spi.o)
 .comment       0x00000172       0x80 library.a(stm32f4xx_it.o)
 .comment       0x00000172       0x80 library.a(stm32f4xx_ll_fmc.o)
 .comment       0x00000172       0x80 library.a(system_stm32f4xx.o)
 .comment       0x00000172       0x80 library.a(ili9341.o)

.debug_frame    0x00000000      0xc68
 .debug_frame   0x00000000       0x28 c:/coen20/gcc/bin/../lib/gcc/arm-none-eabi/8.2.1/../../../../arm-none-eabi/lib/thumb/v7e-m+fp/hard\libc.a(lib_a-exit.o)
 .debug_frame   0x00000028       0x2c c:/coen20/gcc/bin/../lib/gcc/arm-none-eabi/8.2.1/../../../../arm-none-eabi/lib/thumb/v7e-m+fp/hard\libc.a(lib_a-init.o)
 .debug_frame   0x00000054       0x38 c:/coen20/gcc/bin/../lib/gcc/arm-none-eabi/8.2.1/../../../../arm-none-eabi/lib/thumb/v7e-m+fp/hard\libc.a(lib_a-memset.o)
 .debug_frame   0x0000008c       0x4c c:/coen20/gcc/bin/../lib/gcc/arm-none-eabi/8.2.1/../../../../arm-none-eabi/lib/thumb/v7e-m+fp/hard\libc.a(lib_a-vsprintf.o)
 .debug_frame   0x000000d8       0x5c c:/coen20/gcc/bin/../lib/gcc/arm-none-eabi/8.2.1/../../../../arm-none-eabi/lib/thumb/v7e-m+fp/hard\libc.a(lib_a-__call_atexit.o)
 .debug_frame   0x00000134       0x20 c:/coen20/gcc/bin/../lib/gcc/arm-none-eabi/8.2.1/../../../../arm-none-eabi/lib/thumb/v7e-m+fp/hard\libc.a(lib_a-atexit.o)
 .debug_frame   0x00000154       0x8c c:/coen20/gcc/bin/../lib/gcc/arm-none-eabi/8.2.1/../../../../arm-none-eabi/lib/thumb/v7e-m+fp/hard\libc.a(lib_a-dtoa.o)
 .debug_frame   0x000001e0       0x34 c:/coen20/gcc/bin/../lib/gcc/arm-none-eabi/8.2.1/../../../../arm-none-eabi/lib/thumb/v7e-m+fp/hard\libc.a(lib_a-fini.o)
 .debug_frame   0x00000214       0x80 c:/coen20/gcc/bin/../lib/gcc/arm-none-eabi/8.2.1/../../../../arm-none-eabi/lib/thumb/v7e-m+fp/hard\libc.a(lib_a-freer.o)
 .debug_frame   0x00000294       0x40 c:/coen20/gcc/bin/../lib/gcc/arm-none-eabi/8.2.1/../../../../arm-none-eabi/lib/thumb/v7e-m+fp/hard\libc.a(lib_a-localeconv.o)
 .debug_frame   0x000002d4       0xb0 c:/coen20/gcc/bin/../lib/gcc/arm-none-eabi/8.2.1/../../../../arm-none-eabi/lib/thumb/v7e-m+fp/hard\libc.a(lib_a-lock.o)
 .debug_frame   0x00000384       0x4c c:/coen20/gcc/bin/../lib/gcc/arm-none-eabi/8.2.1/../../../../arm-none-eabi/lib/thumb/v7e-m+fp/hard\libc.a(lib_a-mallocr.o)
 .debug_frame   0x000003d0       0x30 c:/coen20/gcc/bin/../lib/gcc/arm-none-eabi/8.2.1/../../../../arm-none-eabi/lib/thumb/v7e-m+fp/hard\libc.a(lib_a-mlock.o)
 .debug_frame   0x00000400      0x264 c:/coen20/gcc/bin/../lib/gcc/arm-none-eabi/8.2.1/../../../../arm-none-eabi/lib/thumb/v7e-m+fp/hard\libc.a(lib_a-mprec.o)
 .debug_frame   0x00000664       0x2c c:/coen20/gcc/bin/../lib/gcc/arm-none-eabi/8.2.1/../../../../arm-none-eabi/lib/thumb/v7e-m+fp/hard\libc.a(lib_a-s_frexp.o)
 .debug_frame   0x00000690       0x2c c:/coen20/gcc/bin/../lib/gcc/arm-none-eabi/8.2.1/../../../../arm-none-eabi/lib/thumb/v7e-m+fp/hard\libc.a(lib_a-sbrkr.o)
 .debug_frame   0x000006bc       0x38 c:/coen20/gcc/bin/../lib/gcc/arm-none-eabi/8.2.1/../../../../arm-none-eabi/lib/thumb/v7e-m+fp/hard\libc.a(lib_a-strncpy.o)
 .debug_frame   0x000006f4       0x40 c:/coen20/gcc/bin/../lib/gcc/arm-none-eabi/8.2.1/../../../../arm-none-eabi/lib/thumb/v7e-m+fp/hard\libc.a(lib_a-svfprintf.o)
 .debug_frame   0x00000734       0x30 c:/coen20/gcc/bin/../lib/gcc/arm-none-eabi/8.2.1/../../../../arm-none-eabi/lib/thumb/v7e-m+fp/hard\libc.a(lib_a-__atexit.o)
 .debug_frame   0x00000764       0x28 c:/coen20/gcc/bin/../lib/gcc/arm-none-eabi/8.2.1/../../../../arm-none-eabi/lib/thumb/v7e-m+fp/hard\libc.a(lib_a-callocr.o)
 .debug_frame   0x0000078c       0x54 c:/coen20/gcc/bin/../lib/gcc/arm-none-eabi/8.2.1/../../../../arm-none-eabi/lib/thumb/v7e-m+fp/hard\libc.a(lib_a-locale.o)
 .debug_frame   0x000007e0       0x4c c:/coen20/gcc/bin/../lib/gcc/arm-none-eabi/8.2.1/../../../../arm-none-eabi/lib/thumb/v7e-m+fp/hard\libc.a(lib_a-mbtowc_r.o)
 .debug_frame   0x0000082c       0x40 c:/coen20/gcc/bin/../lib/gcc/arm-none-eabi/8.2.1/../../../../arm-none-eabi/lib/thumb/v7e-m+fp/hard\libc.a(lib_a-memmove.o)
 .debug_frame   0x0000086c       0x48 c:/coen20/gcc/bin/../lib/gcc/arm-none-eabi/8.2.1/../../../../arm-none-eabi/lib/thumb/v7e-m+fp/hard\libc.a(lib_a-reallocr.o)
 .debug_frame   0x000008b4       0x60 c:/coen20/gcc/bin/../lib/gcc/arm-none-eabi/8.2.1/../../../../arm-none-eabi/lib/thumb/v7e-m+fp/hard\libc.a(lib_a-reent.o)
 .debug_frame   0x00000914       0x74 c:/coen20/gcc/bin/../lib/gcc/arm-none-eabi/8.2.1/../../../../arm-none-eabi/lib/thumb/v7e-m+fp/hard\libc.a(lib_a-svfiprintf.o)
 .debug_frame   0x00000988       0x3c c:/coen20/gcc/bin/../lib/gcc/arm-none-eabi/8.2.1/../../../../arm-none-eabi/lib/thumb/v7e-m+fp/hard\libc.a(lib_a-wctomb_r.o)
 .debug_frame   0x000009c4       0x20 c:/coen20/gcc/bin/../lib/gcc/arm-none-eabi/8.2.1/../../../../arm-none-eabi/lib/thumb/v7e-m+fp/hard\libnosys.a(sbrk.o)
 .debug_frame   0x000009e4       0x20 c:/coen20/gcc/bin/../lib/gcc/arm-none-eabi/8.2.1/../../../../arm-none-eabi/lib/thumb/v7e-m+fp/hard\libnosys.a(_exit.o)
 .debug_frame   0x00000a04       0xac c:/coen20/gcc/bin/../lib/gcc/arm-none-eabi/8.2.1/thumb/v7e-m+fp/hard\libgcc.a(_arm_addsubdf3.o)
 .debug_frame   0x00000ab0       0x50 c:/coen20/gcc/bin/../lib/gcc/arm-none-eabi/8.2.1/thumb/v7e-m+fp/hard\libgcc.a(_arm_muldivdf3.o)
 .debug_frame   0x00000b00       0xc4 c:/coen20/gcc/bin/../lib/gcc/arm-none-eabi/8.2.1/thumb/v7e-m+fp/hard\libgcc.a(_arm_cmpdf2.o)
 .debug_frame   0x00000bc4       0x20 c:/coen20/gcc/bin/../lib/gcc/arm-none-eabi/8.2.1/thumb/v7e-m+fp/hard\libgcc.a(_arm_unorddf2.o)
 .debug_frame   0x00000be4       0x24 c:/coen20/gcc/bin/../lib/gcc/arm-none-eabi/8.2.1/thumb/v7e-m+fp/hard\libgcc.a(_arm_fixdfsi.o)
 .debug_frame   0x00000c08       0x2c c:/coen20/gcc/bin/../lib/gcc/arm-none-eabi/8.2.1/thumb/v7e-m+fp/hard\libgcc.a(_aeabi_uldivmod.o)
 .debug_frame   0x00000c34       0x34 c:/coen20/gcc/bin/../lib/gcc/arm-none-eabi/8.2.1/thumb/v7e-m+fp/hard\libgcc.a(_udivmoddi4.o)

.stabstr        0x00000000      0x117
 .stabstr       0x00000000      0x117 c:/coen20/gcc/bin/../lib/gcc/arm-none-eabi/8.2.1/../../../../arm-none-eabi/lib/thumb/v7e-m+fp/hard\libnosys.a(close.o)
