Archive member included to satisfy reference by file (symbol)

library.a(initialize.o)       obj/Lab0Main.o (ClearDisplay)
library.a(stm32f429i_discovery.o)
                              library.a(initialize.o) (BSP_PB_Init)
library.a(stm32f429i_discovery_lcd.o)
                              library.a(initialize.o) (BSP_LCD_Init)
library.a(stm32f429i_discovery_sdram.o)
                              library.a(stm32f429i_discovery_lcd.o) (BSP_SDRAM_Init)
library.a(stm32f4xx_hal.o)    library.a(initialize.o) (HAL_Init)
library.a(stm32f4xx_hal_cortex.o)
                              library.a(stm32f4xx_hal.o) (HAL_NVIC_SetPriorityGrouping)
library.a(stm32f4xx_hal_dma.o)
                              library.a(stm32f429i_discovery_sdram.o) (HAL_DMA_Init)
library.a(stm32f4xx_hal_dma2d.o)
                              library.a(stm32f429i_discovery_lcd.o) (HAL_DMA2D_Init)
library.a(stm32f4xx_hal_gpio.o)
                              library.a(stm32f429i_discovery.o) (HAL_GPIO_Init)
library.a(stm32f4xx_hal_i2c.o)
                              library.a(stm32f429i_discovery.o) (HAL_I2C_Init)
library.a(stm32f4xx_hal_ltdc.o)
                              library.a(stm32f429i_discovery_lcd.o) (HAL_LTDC_Init)
library.a(stm32f4xx_hal_rcc.o)
                              library.a(initialize.o) (HAL_RCC_OscConfig)
library.a(stm32f4xx_hal_rcc_ex.o)
                              library.a(stm32f429i_discovery_lcd.o) (HAL_RCCEx_PeriphCLKConfig)
library.a(stm32f4xx_hal_sdram.o)
                              library.a(stm32f429i_discovery_sdram.o) (HAL_SDRAM_Init)
library.a(stm32f4xx_hal_spi.o)
                              library.a(stm32f429i_discovery.o) (HAL_SPI_Init)
library.a(stm32f4xx_it.o)     library.a(initialize.o) (IncludeThis)
library.a(stm32f4xx_ll_fmc.o)
                              library.a(stm32f4xx_hal_sdram.o) (FMC_SDRAM_Init)
library.a(system_stm32f4xx.o)
                              library.a(stm32f4xx_hal_rcc.o) (SystemCoreClock)
library.a(touch.o)            obj/Lab0Main.o (TS_Init)
library.a(startup_stm32f429xx.o)
                              library.a(initialize.o) (Reset_Handler)
library.a(ili9341.o)          library.a(stm32f429i_discovery_lcd.o) (ili9341_drv)
library.a(stm32f429i_discovery_ts.o)
                              library.a(touch.o) (BSP_TS_Init)
library.a(stmpe811.o)         library.a(stm32f429i_discovery_ts.o) (stmpe811_ts_drv)
y:/coen20/gcc/bin/../lib/gcc/arm-none-eabi/8.2.1/../../../../arm-none-eabi/lib/thumb/v7e-m+fp/hard\libc.a(lib_a-exit.o)
                              y:/coen20/gcc/bin/../lib/gcc/arm-none-eabi/8.2.1/../../../../arm-none-eabi/lib/thumb/v7e-m+fp/hard/crt0.o (exit)
y:/coen20/gcc/bin/../lib/gcc/arm-none-eabi/8.2.1/../../../../arm-none-eabi/lib/thumb/v7e-m+fp/hard\libc.a(lib_a-impure.o)
                              y:/coen20/gcc/bin/../lib/gcc/arm-none-eabi/8.2.1/../../../../arm-none-eabi/lib/thumb/v7e-m+fp/hard\libc.a(lib_a-exit.o) (_global_impure_ptr)
y:/coen20/gcc/bin/../lib/gcc/arm-none-eabi/8.2.1/../../../../arm-none-eabi/lib/thumb/v7e-m+fp/hard\libc.a(lib_a-init.o)
                              y:/coen20/gcc/bin/../lib/gcc/arm-none-eabi/8.2.1/../../../../arm-none-eabi/lib/thumb/v7e-m+fp/hard/crt0.o (__libc_init_array)
y:/coen20/gcc/bin/../lib/gcc/arm-none-eabi/8.2.1/../../../../arm-none-eabi/lib/thumb/v7e-m+fp/hard\libc.a(lib_a-memset.o)
                              y:/coen20/gcc/bin/../lib/gcc/arm-none-eabi/8.2.1/../../../../arm-none-eabi/lib/thumb/v7e-m+fp/hard/crt0.o (memset)
y:/coen20/gcc/bin/../lib/gcc/arm-none-eabi/8.2.1/../../../../arm-none-eabi/lib/thumb/v7e-m+fp/hard\libc.a(lib_a-printf.o)
                              library.a(initialize.o) (printf)
y:/coen20/gcc/bin/../lib/gcc/arm-none-eabi/8.2.1/../../../../arm-none-eabi/lib/thumb/v7e-m+fp/hard\libc.a(lib_a-strcat.o)
                              obj/Lab0Main.o (strcat)
y:/coen20/gcc/bin/../lib/gcc/arm-none-eabi/8.2.1/../../../../arm-none-eabi/lib/thumb/v7e-m+fp/hard\libc.a(lib_a-strcpy.o)
                              obj/Lab0Main.o (strcpy)
y:/coen20/gcc/bin/../lib/gcc/arm-none-eabi/8.2.1/../../../../arm-none-eabi/lib/thumb/v7e-m+fp/hard\libc.a(lib_a-strlen.o)
                              obj/Lab0Main.o (strlen)
y:/coen20/gcc/bin/../lib/gcc/arm-none-eabi/8.2.1/../../../../arm-none-eabi/lib/thumb/v7e-m+fp/hard\libc.a(lib_a-vfprintf.o)
                              y:/coen20/gcc/bin/../lib/gcc/arm-none-eabi/8.2.1/../../../../arm-none-eabi/lib/thumb/v7e-m+fp/hard\libc.a(lib_a-printf.o) (_vfprintf_r)
y:/coen20/gcc/bin/../lib/gcc/arm-none-eabi/8.2.1/../../../../arm-none-eabi/lib/thumb/v7e-m+fp/hard\libc.a(lib_a-wsetup.o)
                              y:/coen20/gcc/bin/../lib/gcc/arm-none-eabi/8.2.1/../../../../arm-none-eabi/lib/thumb/v7e-m+fp/hard\libc.a(lib_a-vfprintf.o) (__swsetup_r)
y:/coen20/gcc/bin/../lib/gcc/arm-none-eabi/8.2.1/../../../../arm-none-eabi/lib/thumb/v7e-m+fp/hard\libc.a(lib_a-__call_atexit.o)
[...]
Memory Configuration

Name             Origin             Length             Attributes
ROM              0x08000000         0x00200000         xr
RAM              0x20000000         0x00030000         xrw
CCM              0x10000000         0x00010000         xrw
*default*        0x00000000         0xffffffff

Linker script and memory map

LOAD y:/coen20/gcc/bin/../lib/gcc/arm-none-eabi/8.2.1/thumb/v7e-m+fp/hard/crti.o
LOAD y:/coen20/gcc/bin/../lib/gcc/arm-none-eabi/8.2.1/thumb/v7e-m+fp/hard/crtbegin.o
LOAD y:/coen20/gcc/bin/../lib/gcc/arm-none-eabi/8.2.1/../../../../arm-none-eabi/lib/thumb/v7e-m+fp/hard/crt0.o
LOAD obj/Lab0Main.o
LOAD obj/Lab0Calculator.o
LOAD library.a
LOAD library.a
LOAD y:/coen20/gcc/bin/../lib/gcc/arm-none-eabi/8.2.1/../../../../arm-none-eabi/lib/thumb/v7e-m+fp/hard\libc.a
LOAD y:/coen20/gcc/bin/../lib/gcc/arm-none-eabi/8.2.1/../../../../arm-none-eabi/lib/thumb/v7e-m+fp/hard\libnosys.a
LOAD y:/coen20/gcc/bin/../lib/gcc/arm-none-eabi/8.2.1/../../../../arm-none-eabi/lib/thumb/v7e-m+fp/hard\libc.a
START GROUP
LOAD y:/coen20/gcc/bin/../lib/gcc/arm-none-eabi/8.2.1/thumb/v7e-m+fp/hard\libgcc.a
LOAD y:/coen20/gcc/bin/../lib/gcc/arm-none-eabi/8.2.1/../../../../arm-none-eabi/lib/thumb/v7e-m+fp/hard\libc.a
END GROUP
LOAD y:/coen20/gcc/bin/../lib/gcc/arm-none-eabi/8.2.1/thumb/v7e-m+fp/hard/crtend.o
LOAD y:/coen20/gcc/bin/../lib/gcc/arm-none-eabi/8.2.1/thumb/v7e-m+fp/hard/crtn.o

.text           0x08000000     0x9068
 *(.isr_vector)
 .isr_vector    0x08000000      0x1ac library.a(startup_stm32f429xx.o)
                0x08000000                __isr_vector
 *(.text*)
 .text          0x080001ac       0x40 y:/coen20/gcc/bin/../lib/gcc/arm-none-eabi/8.2.1/thumb/v7e-m+fp/hard/crtbegin.o
 .text          0x080001ec       0x74 y:/coen20/gcc/bin/../lib/gcc/arm-none-eabi/8.2.1/../../../../arm-none-eabi/lib/thumb/v7e-m+fp/hard/crt0.o
                0x080001ec                _start
                0x080001ec                _mainCRTStartup
 .text.Null     0x08000260        0xc obj/Lab0Main.o
 .text.BtnDigit
                0x0800026c       0x2c obj/Lab0Main.o
 .text.BtnBackSpace
                0x08000298       0x1c obj/Lab0Main.o
 .text.BtnEquals
                0x080002b4       0x38 obj/Lab0Main.o
 .text.Num2Text
                0x080002ec      0x2c8 obj/Lab0Main.o
 .text.BtnDIV   0x080005b4       0x64 obj/Lab0Main.o
 .text.DrawButton
                0x08000618       0xac obj/Lab0Main.o
 .text.UpdateDisplay
                0x080006c4      0x148 obj/Lab0Main.o
 .text.DrawButton.constprop.1
                0x0800080c       0x94 obj/Lab0Main.o
 .text.BtnRadix
                0x080008a0       0x34 obj/Lab0Main.o
 .text.BtnADD   0x080008d4       0x64 obj/Lab0Main.o
 .text.BtnSUB   0x08000938       0x64 obj/Lab0Main.o
 .text.BtnMUL   0x0800099c       0x64 obj/Lab0Main.o
 .text.startup.main
                0x08000a00      0x1ec obj/Lab0Main.o
                0x08000a00                main
 .text          0x08000bec       0x1c obj/Lab0Calculator.o
                0x08000bec                Addition
                0x08000bf0                Subtraction
                0x08000bf8                Multiplication
                0x08000c00                Division
 .text.ClearDisplay
                0x08000c08       0x34 library.a(initialize.o)
                0x08000c08                ClearDisplay
 .text.DisplayHeader
                0x08000c3c       0x80 library.a(initialize.o)
                0x08000c3c                DisplayHeader
 .text.DisplayFooter
                0x08000cbc       0x58 library.a(initialize.o)
                0x08000cbc                DisplayFooter
 .text.InitializeHardware
                0x08000d14      0x110 library.a(initialize.o)
                0x08000d14                InitializeHardware
 .text.GetClockCycleCount
                0x08000e24        0xc library.a(initialize.o)
                0x08000e24                GetClockCycleCount
 .text.SPIx_Init
                0x08000e30       0x94 library.a(stm32f429i_discovery.o)
 .text.I2Cx_Init
                0x08000ec4       0xe0 library.a(stm32f429i_discovery.o)
 .text.I2Cx_Error
                0x08000fa4       0x14 library.a(stm32f429i_discovery.o)
 .text.SPIx_Write
                0x08000fb8       0x30 library.a(stm32f429i_discovery.o)
 .text.BSP_PB_Init
                0x08000fe8       0x70 library.a(stm32f429i_discovery.o)
                0x08000fe8                BSP_PB_Init
 .text.LCD_IO_Init
                0x08001058       0xb0 library.a(stm32f429i_discovery.o)
                0x08001058                LCD_IO_Init
 .text.LCD_IO_WriteData
                0x08001108       0x38 library.a(stm32f429i_discovery.o)
                0x08001108                LCD_IO_WriteData
 .text.LCD_IO_WriteReg
                0x08001140       0x38 library.a(stm32f429i_discovery.o)
                0x08001140                LCD_IO_WriteReg
 .text.LCD_IO_ReadData
                0x08001178       0x6c library.a(stm32f429i_discovery.o)
                0x08001178                LCD_IO_ReadData
 .text.LCD_Delay
                0x080011e4        0x4 library.a(stm32f429i_discovery.o)
                0x080011e4                LCD_Delay
 .text.IOE_Init
                0x080011e8        0x4 library.a(stm32f429i_discovery.o)
                0x080011e8                IOE_Init
 .text.IOE_ITConfig
                0x080011ec       0x54 library.a(stm32f429i_discovery.o)
                0x080011ec                IOE_ITConfig
 .text.IOE_Write
                0x08001240       0x34 library.a(stm32f429i_discovery.o)
                0x08001240                IOE_Write
 .text.IOE_Read
                0x08001274       0x38 library.a(stm32f429i_discovery.o)
                0x08001274                IOE_Read
 .text.IOE_ReadMultiple
                0x080012ac       0x2c library.a(stm32f429i_discovery.o)
                0x080012ac                IOE_ReadMultiple
 .text.IOE_Delay
                0x080012d8        0x4 library.a(stm32f429i_discovery.o)
                0x080012d8                IOE_Delay
 .text.FillBuffer
                0x080012dc       0x64 library.a(stm32f429i_discovery_lcd.o)
 .text.BSP_LCD_Init
                0x08001340      0x1cc library.a(stm32f429i_discovery_lcd.o)
                0x08001340                BSP_LCD_Init
 .text.BSP_LCD_GetXSize
                0x0800150c       0x10 library.a(stm32f429i_discovery_lcd.o)
                0x0800150c                BSP_LCD_GetXSize
 .text.BSP_LCD_GetYSize
                0x0800151c       0x10 library.a(stm32f429i_discovery_lcd.o)
                0x0800151c                BSP_LCD_GetYSize
 .text.BSP_LCD_LayerDefaultInit
                0x0800152c       0x7c library.a(stm32f429i_discovery_lcd.o)
                0x0800152c                BSP_LCD_LayerDefaultInit
 .text.BSP_LCD_SelectLayer
                0x080015a8        0xc library.a(stm32f429i_discovery_lcd.o)
                0x080015a8                BSP_LCD_SelectLayer
 .text.BSP_LCD_SetTextColor
                0x080015b4       0x18 library.a(stm32f429i_discovery_lcd.o)
                0x080015b4                BSP_LCD_SetTextColor
 .text.BSP_LCD_SetBackColor
                0x080015cc       0x18 library.a(stm32f429i_discovery_lcd.o)
                0x080015cc                BSP_LCD_SetBackColor
 .text.BSP_LCD_SetFont
                0x080015e4       0x18 library.a(stm32f429i_discovery_lcd.o)
                0x080015e4                BSP_LCD_SetFont
 .text.BSP_LCD_Clear
                0x080015fc       0x3c library.a(stm32f429i_discovery_lcd.o)
                0x080015fc                BSP_LCD_Clear
 .text.BSP_LCD_DrawHLine
                0x08001638       0x50 library.a(stm32f429i_discovery_lcd.o)
                0x08001638                BSP_LCD_DrawHLine
 .text.BSP_LCD_DrawVLine
                0x08001688       0x58 library.a(stm32f429i_discovery_lcd.o)
                0x08001688                BSP_LCD_DrawVLine
 .text.BSP_LCD_DrawRect
                0x080016e0       0x34 library.a(stm32f429i_discovery_lcd.o)
                0x080016e0                BSP_LCD_DrawRect
 .text.BSP_LCD_FillRect
                0x08001714       0x5c library.a(stm32f429i_discovery_lcd.o)
                0x08001714                BSP_LCD_FillRect
 .text.BSP_LCD_DisplayOn
                0x08001770       0x10 library.a(stm32f429i_discovery_lcd.o)
                0x08001770                BSP_LCD_DisplayOn
 .text.BSP_LCD_DrawPixel
                0x08001780       0x2c library.a(stm32f429i_discovery_lcd.o)
                0x08001780                BSP_LCD_DrawPixel
 .text.BSP_LCD_DisplayChar
                0x080017ac       0xd0 library.a(stm32f429i_discovery_lcd.o)
                0x080017ac                BSP_LCD_DisplayChar
 .text.BSP_LCD_DisplayStringAt
                0x0800187c       0xb8 library.a(stm32f429i_discovery_lcd.o)
                0x0800187c                BSP_LCD_DisplayStringAt
 .text.BSP_SDRAM_Initialization_sequence
                0x08001934       0x94 library.a(stm32f429i_discovery_sdram.o)
                0x08001934                BSP_SDRAM_Initialization_sequence
 .text.BSP_SDRAM_Init
                0x080019c8      0x1d4 library.a(stm32f429i_discovery_sdram.o)
                0x080019c8                BSP_SDRAM_Init
 .text.HAL_MspInit
                0x08001b9c        0x2 library.a(stm32f4xx_hal.o)
                0x08001b9c                HAL_MspInit
 .text.HAL_InitTick
                0x08001b9e       0x24 library.a(stm32f4xx_hal.o)
                0x08001b9e                HAL_InitTick
 *fill*         0x08001bc2        0x2 
 .text.HAL_Init
                0x08001bc4       0x34 library.a(stm32f4xx_hal.o)
                0x08001bc4                HAL_Init
 .text.HAL_IncTick
                0x08001bf8       0x10 library.a(stm32f4xx_hal.o)
                0x08001bf8                HAL_IncTick
 .text.HAL_GetTick
                0x08001c08        0xc library.a(stm32f4xx_hal.o)
                0x08001c08                HAL_GetTick
 .text.HAL_Delay
                0x08001c14       0x1a library.a(stm32f4xx_hal.o)
                0x08001c14                HAL_Delay
 *fill*         0x08001c2e        0x2 
 .text.HAL_NVIC_SetPriorityGrouping
                0x08001c30       0x24 library.a(stm32f4xx_hal_cortex.o)
                0x08001c30                HAL_NVIC_SetPriorityGrouping
 .text.HAL_NVIC_SetPriority
                0x08001c54       0x68 library.a(stm32f4xx_hal_cortex.o)
                0x08001c54                HAL_NVIC_SetPriority
 .text.HAL_NVIC_EnableIRQ
                0x08001cbc       0x18 library.a(stm32f4xx_hal_cortex.o)
                0x08001cbc                HAL_NVIC_EnableIRQ
 .text.HAL_SYSTICK_Config
                0x08001cd4       0x2c library.a(stm32f4xx_hal_cortex.o)
                0x08001cd4                HAL_SYSTICK_Config
 .text.HAL_DMA_Init
                0x08001d00       0x78 library.a(stm32f4xx_hal_dma.o)
                0x08001d00                HAL_DMA_Init
 .text.HAL_DMA_DeInit
                0x08001d78      0xac4 library.a(stm32f4xx_hal_dma.o)
                0x08001d78                HAL_DMA_DeInit
 .text.DMA2D_SetConfig
                0x0800283c       0x80 library.a(stm32f4xx_hal_dma2d.o)
 .text.HAL_DMA2D_MspInit
                0x080028bc        0x2 library.a(stm32f4xx_hal_dma2d.o)
                0x080028bc                HAL_DMA2D_MspInit
 .text.HAL_DMA2D_Init
                0x080028be       0x5c library.a(stm32f4xx_hal_dma2d.o)
                0x080028be                HAL_DMA2D_Init
 .text.HAL_DMA2D_Start
                0x0800291a       0x40 library.a(stm32f4xx_hal_dma2d.o)
                0x0800291a                HAL_DMA2D_Start
 .text.HAL_DMA2D_PollForTransfer
                0x0800295a       0xc2 library.a(stm32f4xx_hal_dma2d.o)
                0x0800295a                HAL_DMA2D_PollForTransfer
 .text.HAL_DMA2D_ConfigLayer
                0x08002a1c       0xe8 library.a(stm32f4xx_hal_dma2d.o)
                0x08002a1c                HAL_DMA2D_ConfigLayer
 .text.HAL_GPIO_Init
                0x08002b04      0x1d8 library.a(stm32f4xx_hal_gpio.o)
                0x08002b04                HAL_GPIO_Init
 .text.HAL_GPIO_WritePin
                0x08002cdc        0xa library.a(stm32f4xx_hal_gpio.o)
                0x08002cdc                HAL_GPIO_WritePin
 .text.I2C_WaitOnMasterAddressFlagUntilTimeout
                0x08002ce6       0x64 library.a(stm32f4xx_hal_i2c.o)
 .text.I2C_WaitOnFlagUntilTimeout
                0x08002d4a       0x8e library.a(stm32f4xx_hal_i2c.o)
 .text.I2C_RequestMemoryWrite
                0x08002dd8       0x90 library.a(stm32f4xx_hal_i2c.o)
 .text.I2C_RequestMemoryRead
                0x08002e68       0xdc library.a(stm32f4xx_hal_i2c.o)
 .text.HAL_I2C_MspInit
                0x08002f44        0x2 library.a(stm32f4xx_hal_i2c.o)
                0x08002f44                HAL_I2C_MspInit
 *fill*         0x08002f46        0x2 
 .text.HAL_I2C_Init
                0x08002f48       0xe8 library.a(stm32f4xx_hal_i2c.o)
                0x08002f48                HAL_I2C_Init
 .text.HAL_I2C_MspDeInit
                0x08003030        0x2 library.a(stm32f4xx_hal_i2c.o)
                0x08003030                HAL_I2C_MspDeInit
 .text.HAL_I2C_DeInit
                0x08003032       0x2c library.a(stm32f4xx_hal_i2c.o)
                0x08003032                HAL_I2C_DeInit
 *fill*         0x0800305e        0x2 
 .text.HAL_I2C_Mem_Write
                0x08003060       0xe4 library.a(stm32f4xx_hal_i2c.o)
                0x08003060                HAL_I2C_Mem_Write
 .text.HAL_I2C_Mem_Read
                0x08003144      0x1b4 library.a(stm32f4xx_hal_i2c.o)
                0x08003144                HAL_I2C_Mem_Read
 .text.HAL_I2C_GetState
                0x080032f8        0x6 library.a(stm32f4xx_hal_i2c.o)
                0x080032f8                HAL_I2C_GetState
 .text.LTDC_SetConfig
                0x080032fe      0x148 library.a(stm32f4xx_hal_ltdc.o)
 .text.HAL_LTDC_MspInit
                0x08003446        0x2 library.a(stm32f4xx_hal_ltdc.o)
                0x08003446                HAL_LTDC_MspInit
 .text.HAL_LTDC_Init
                0x08003448       0xfc library.a(stm32f4xx_hal_ltdc.o)
                0x08003448                HAL_LTDC_Init
 .text.HAL_LTDC_ConfigLayer
                0x08003544       0x52 library.a(stm32f4xx_hal_ltdc.o)
                0x08003544                HAL_LTDC_ConfigLayer
 *fill*         0x08003596        0x2 
 .text.HAL_LTDC_EnableDither
                0x08003598       0x34 library.a(stm32f4xx_hal_ltdc.o)
                0x08003598                HAL_LTDC_EnableDither
 .text.HAL_RCC_OscConfig
                0x080035cc      0x33c library.a(stm32f4xx_hal_rcc.o)
                0x080035cc                HAL_RCC_OscConfig
 .text.HAL_RCC_ClockConfig
                0x08003908      0x1f8 library.a(stm32f4xx_hal_rcc.o)
                0x08003908                HAL_RCC_ClockConfig
 .text.HAL_RCC_GetSysClockFreq
                0x08003b00       0x78 library.a(stm32f4xx_hal_rcc.o)
                0x08003b00                HAL_RCC_GetSysClockFreq
 .text.HAL_RCC_GetHCLKFreq
                0x08003b78       0x38 library.a(stm32f4xx_hal_rcc.o)
                0x08003b78                HAL_RCC_GetHCLKFreq
 .text.HAL_RCC_GetPCLK1Freq
                0x08003bb0       0x30 library.a(stm32f4xx_hal_rcc.o)
                0x08003bb0                HAL_RCC_GetPCLK1Freq
 .text.HAL_RCCEx_PeriphCLKConfig
                0x08003be0      0x2e8 library.a(stm32f4xx_hal_rcc_ex.o)
                0x08003be0                HAL_RCCEx_PeriphCLKConfig
 .text.HAL_SDRAM_MspInit
                0x08003ec8        0x2 library.a(stm32f4xx_hal_sdram.o)
                0x08003ec8                HAL_SDRAM_MspInit
 .text.HAL_SDRAM_Init
                0x08003eca       0x40 library.a(stm32f4xx_hal_sdram.o)
                0x08003eca                HAL_SDRAM_Init
 .text.HAL_SDRAM_SendCommand
                0x08003f0a       0x2e library.a(stm32f4xx_hal_sdram.o)
                0x08003f0a                HAL_SDRAM_SendCommand
 .text.HAL_SDRAM_ProgramRefreshRate
                0x08003f38       0x24 library.a(stm32f4xx_hal_sdram.o)
                0x08003f38                HAL_SDRAM_ProgramRefreshRate
 .text.SPI_WaitOnFlagUntilTimeout
                0x08003f5c       0x94 library.a(stm32f4xx_hal_spi.o)
 .text.HAL_SPI_MspInit
                0x08003ff0        0x2 library.a(stm32f4xx_hal_spi.o)
                0x08003ff0                HAL_SPI_MspInit
 .text.HAL_SPI_Init
                0x08003ff2       0x82 library.a(stm32f4xx_hal_spi.o)
                0x08003ff2                HAL_SPI_Init
 .text.HAL_SPI_MspDeInit
                0x08004074        0x2 library.a(stm32f4xx_hal_spi.o)
                0x08004074                HAL_SPI_MspDeInit
 .text.HAL_SPI_DeInit
                0x08004076       0x26 library.a(stm32f4xx_hal_spi.o)
                0x08004076                HAL_SPI_DeInit
 .text.HAL_SPI_Transmit
                0x0800409c      0x148 library.a(stm32f4xx_hal_spi.o)
                0x0800409c                HAL_SPI_Transmit
 .text.HAL_SPI_TransmitReceive
                0x080041e4      0x2c4 library.a(stm32f4xx_hal_spi.o)
                0x080041e4                HAL_SPI_TransmitReceive
 .text.HAL_SPI_Receive
                0x080044a8      0x1d0 library.a(stm32f4xx_hal_spi.o)
                0x080044a8                HAL_SPI_Receive
 .text.HAL_SPI_GetState
                0x08004678        0x6 library.a(stm32f4xx_hal_spi.o)
                0x08004678                HAL_SPI_GetState
 .text.NMI_Handler
                0x0800467e        0x2 library.a(stm32f4xx_it.o)
                0x0800467e                NMI_Handler
 .text.SVC_Handler
                0x08004680        0x2 library.a(stm32f4xx_it.o)
                0x08004680                SVC_Handler
 .text.DebugMon_Handler
                0x08004682        0x2 library.a(stm32f4xx_it.o)
                0x08004682                DebugMon_Handler
 .text.PendSV_Handler
                0x08004684        0x2 library.a(stm32f4xx_it.o)
                0x08004684                PendSV_Handler
 .text.SysTick_Handler
                0x08004686        0x4 library.a(stm32f4xx_it.o)
                0x08004686                SysTick_Handler
 *fill*         0x0800468a        0x2 
 .text.FMC_SDRAM_Init
                0x0800468c       0x6c library.a(stm32f4xx_ll_fmc.o)
                0x0800468c                FMC_SDRAM_Init
 .text.FMC_SDRAM_Timing_Init
                0x080046f8       0x70 library.a(stm32f4xx_ll_fmc.o)
                0x080046f8                FMC_SDRAM_Timing_Init
 .text.FMC_SDRAM_SendCommand
                0x08004768       0x4c library.a(stm32f4xx_ll_fmc.o)
                0x08004768                FMC_SDRAM_SendCommand
 .text.FMC_SDRAM_ProgramRefreshRate
                0x080047b4        0xc library.a(stm32f4xx_ll_fmc.o)
                0x080047b4                FMC_SDRAM_ProgramRefreshRate
 .text.SystemInit
                0x080047c0       0x4c library.a(system_stm32f4xx.o)
                0x080047c0                SystemInit
 .text.TS_Init  0x0800480c       0x2c library.a(touch.o)
                0x0800480c                TS_Init
 .text.TS_Touched
                0x08004838       0x30 library.a(touch.o)
                0x08004838                TS_Touched
 .text.TS_GetX  0x08004868        0xc library.a(touch.o)
                0x08004868                TS_GetX
 .text.TS_GetY  0x08004874        0xc library.a(touch.o)
                0x08004874                TS_GetY
 .text          0x08004880      0x118 library.a(startup_stm32f429xx.o)
                0x08004880                Reset_Handler
                0x080048d0                HardFault_Handler
                0x080048d2                MemManage_Handler
                0x080048d4                BusFault_Handler
                0x080048d6                UsageFault_Handler
                0x080048d8                Default_Handler
                0x080048da                WWDG_IRQHandler
                0x080048dc                PVD_IRQHandler
                0x080048de                TAMP_STAMP_IRQHandler
                0x080048e0                RTC_WKUP_IRQHandler
                0x080048e2                FLASH_IRQHandler
                0x080048e4                RCC_IRQHandler
                0x080048e6                EXTI0_IRQHandler
                0x080048e8                EXTI1_IRQHandler
                0x080048ea                EXTI2_IRQHandler
                0x080048ec                EXTI3_IRQHandler
                0x080048ee                EXTI4_IRQHandler
                0x080048f0                DMA1_Stream0_IRQHandler
                0x080048f2                DMA1_Stream1_IRQHandler
                0x080048f4                DMA1_Stream2_IRQHandler
                0x080048f6                DMA1_Stream3_IRQHandler
                0x080048f8                DMA1_Stream4_IRQHandler
                0x080048fa                DMA1_Stream5_IRQHandler
                0x080048fc                DMA1_Stream6_IRQHandler
                0x080048fe                ADC_IRQHandler
                0x08004900                CAN1_TX_IRQHandler
                0x08004902                CAN1_RX0_IRQHandler
                0x08004904                CAN1_RX1_IRQHandler
                0x08004906                CAN1_SCE_IRQHandler
                0x08004908                EXTI9_5_IRQHandler
                0x0800490a                TIM1_BRK_TIM9_IRQHandler
                0x0800490c                TIM1_UP_TIM10_IRQHandler
                0x0800490e                TIM1_TRG_COM_TIM11_IRQHandler
                0x08004910                TIM1_CC_IRQHandler
                0x08004912                TIM2_IRQHandler
                0x08004914                TIM3_IRQHandler
                0x08004916                TIM4_IRQHandler
                0x08004918                I2C1_EV_IRQHandler
                0x0800491a                I2C1_ER_IRQHandler
                0x0800491c                I2C2_EV_IRQHandler
                0x0800491e                I2C2_ER_IRQHandler
                0x08004920                SPI1_IRQHandler
                0x08004922                SPI2_IRQHandler
                0x08004924                USART1_IRQHandler
                0x08004926                USART2_IRQHandler
                0x08004928                USART3_IRQHandler
                0x0800492a                EXTI15_10_IRQHandler
                0x0800492c                RTC_Alarm_IRQHandler
                0x0800492e                OTG_FS_WKUP_IRQHandler
                0x08004930                TIM8_BRK_TIM12_IRQHandler
                0x08004932                TIM8_UP_TIM13_IRQHandler
                0x08004934                TIM8_TRG_COM_TIM14_IRQHandler
                0x08004936                TIM8_CC_IRQHandler
                0x08004938                DMA1_Stream7_IRQHandler
                0x0800493a                FSMC_IRQHandler
                0x0800493c                SDIO_IRQHandler
                0x0800493e                TIM5_IRQHandler
                0x08004940                SPI3_IRQHandler
                0x08004942                UART4_IRQHandler
                0x08004944                UART5_IRQHandler
                0x08004946                TIM6_DAC_IRQHandler
                0x08004948                TIM7_IRQHandler
                0x0800494a                DMA2_Stream0_IRQHandler
                0x0800494c                DMA2_Stream1_IRQHandler
                0x0800494e                DMA2_Stream2_IRQHandler
                0x08004950                DMA2_Stream3_IRQHandler
                0x08004952                DMA2_Stream4_IRQHandler
                0x08004954                ETH_IRQHandler
                0x08004956                ETH_WKUP_IRQHandler
                0x08004958                CAN2_TX_IRQHandler
                0x0800495a                CAN2_RX0_IRQHandler
                0x0800495c                CAN2_RX1_IRQHandler
                0x0800495e                CAN2_SCE_IRQHandler
                0x08004960                OTG_FS_IRQHandler
                0x08004962                DMA2_Stream5_IRQHandler
                0x08004964                DMA2_Stream6_IRQHandler
                0x08004966                DMA2_Stream7_IRQHandler
                0x08004968                USART6_IRQHandler
                0x0800496a                I2C3_EV_IRQHandler
                0x0800496c                I2C3_ER_IRQHandler
                0x0800496e                OTG_HS_EP1_OUT_IRQHandler
                0x08004970                OTG_HS_EP1_IN_IRQHandler
                0x08004972                OTG_HS_WKUP_IRQHandler
                0x08004974                OTG_HS_IRQHandler
                0x08004976                DCMI_IRQHandler
                0x08004978                CRYP_IRQHandler
                0x0800497a                HASH_RNG_IRQHandler
                0x0800497c                FPU_IRQHandler
                0x0800497e                UART7_IRQHandler
                0x08004980                UART8_IRQHandler
                0x08004982                SPI4_IRQHandler
                0x08004984                SPI5_IRQHandler
                0x08004986                SPI6_IRQHandler
                0x08004988                SAI1_IRQHandler
                0x0800498a                LTDC_IRQHandler
                0x0800498c                LTDC_ER_IRQHandler
                0x0800498e                DMA2D_IRQHandler
 .text.ili9341_GetLcdPixelWidth
                0x08004998        0x4 library.a(ili9341.o)
                0x08004998                ili9341_GetLcdPixelWidth
 .text.ili9341_GetLcdPixelHeight
                0x0800499c        0x6 library.a(ili9341.o)
                0x0800499c                ili9341_GetLcdPixelHeight
 .text.ili9341_DisplayOn
                0x080049a2        0x6 library.a(ili9341.o)
                0x080049a2                ili9341_DisplayOn
 .text.ili9341_DisplayOff
                0x080049a8        0x6 library.a(ili9341.o)
                0x080049a8                ili9341_DisplayOff
 .text.ili9341_Init
                0x080049ae      0x292 library.a(ili9341.o)
                0x080049ae                ili9341_Init
 .text.ili9341_ReadID
                0x08004c40       0x12 library.a(ili9341.o)
                0x08004c40                ili9341_ReadID
 *fill*         0x08004c52        0x2 
 .text.BSP_TS_Init
                0x08004c54       0x44 library.a(stm32f429i_discovery_ts.o)
                0x08004c54                BSP_TS_Init
 .text.BSP_TS_GetState
                0x08004c98       0xc8 library.a(stm32f429i_discovery_ts.o)
                0x08004c98                BSP_TS_GetState
 .text.stmpe811_Reset
                0x08004d60       0x28 library.a(stmpe811.o)
                0x08004d60                stmpe811_Reset
 .text.stmpe811_ReadID
                0x08004d88       0x24 library.a(stmpe811.o)
                0x08004d88                stmpe811_ReadID
 .text.stmpe811_TS_DetectTouch
                0x08004dac       0x38 library.a(stmpe811.o)
                0x08004dac                stmpe811_TS_DetectTouch
 .text.stmpe811_TS_GetXY
                0x08004de4       0x3c library.a(stmpe811.o)
                0x08004de4                stmpe811_TS_GetXY
 .text.stmpe811_Init
                0x08004e20       0x30 library.a(stmpe811.o)
                0x08004e20                stmpe811_Init
 .text.stmpe811_EnableGlobalIT
                0x08004e50       0x1e library.a(stmpe811.o)
                0x08004e50                stmpe811_EnableGlobalIT
 .text.stmpe811_DisableGlobalIT
                0x08004e6e       0x1c library.a(stmpe811.o)
                0x08004e6e                stmpe811_DisableGlobalIT
 .text.stmpe811_EnableITSource
                0x08004e8a       0x20 library.a(stmpe811.o)
                0x08004e8a                stmpe811_EnableITSource
 .text.stmpe811_TS_EnableIT
                0x08004eaa       0x1a library.a(stmpe811.o)
                0x08004eaa                stmpe811_TS_EnableIT
 .text.stmpe811_DisableITSource
                0x08004ec4       0x20 library.a(stmpe811.o)
                0x08004ec4                stmpe811_DisableITSource
 .text.stmpe811_TS_DisableIT
                0x08004ee4       0x14 library.a(stmpe811.o)
                0x08004ee4                stmpe811_TS_DisableIT
 .text.stmpe811_ReadGITStatus
                0x08004ef8       0x10 library.a(stmpe811.o)
                0x08004ef8                stmpe811_ReadGITStatus
 .text.stmpe811_TS_ITStatus
                0x08004f08        0x6 library.a(stmpe811.o)
                0x08004f08                stmpe811_TS_ITStatus
 .text.stmpe811_ClearGlobalIT
                0x08004f0e        0xa library.a(stmpe811.o)
                0x08004f0e                stmpe811_ClearGlobalIT
 .text.stmpe811_TS_ClearIT
                0x08004f18        0x6 library.a(stmpe811.o)
                0x08004f18                stmpe811_TS_ClearIT
 .text.stmpe811_IO_EnableAF
                0x08004f1e       0x20 library.a(stmpe811.o)
                0x08004f1e                stmpe811_IO_EnableAF
 .text.stmpe811_TS_Start
                0x08004f3e       0xa4 library.a(stmpe811.o)
                0x08004f3e                stmpe811_TS_Start
 *fill*         0x08004fe2        0x2 
 .text.exit     0x08004fe4       0x20 y:/coen20/gcc/bin/../lib/gcc/arm-none-eabi/8.2.1/../../../../arm-none-eabi/lib/thumb/v7e-m+fp/hard\libc.a(lib_a-exit.o)
                0x08004fe4                exit
 .text.__libc_init_array
                0x08005004       0x48 y:/coen20/gcc/bin/../lib/gcc/arm-none-eabi/8.2.1/../../../../arm-none-eabi/lib/thumb/v7e-m+fp/hard\libc.a(lib_a-init.o)
                0x08005004                __libc_init_array
 .text.memset   0x0800504c       0xa0 y:/coen20/gcc/bin/../lib/gcc/arm-none-eabi/8.2.1/../../../../arm-none-eabi/lib/thumb/v7e-m+fp/hard\libc.a(lib_a-memset.o)
                0x0800504c                memset
 .text.strcat   0x080050ec       0x40 y:/coen20/gcc/bin/../lib/gcc/arm-none-eabi/8.2.1/../../../../arm-none-eabi/lib/thumb/v7e-m+fp/hard\libc.a(lib_a-strcat.o)
                0x080050ec                strcat
 .text.strcpy   0x0800512c       0xbc y:/coen20/gcc/bin/../lib/gcc/arm-none-eabi/8.2.1/../../../../arm-none-eabi/lib/thumb/v7e-m+fp/hard\libc.a(lib_a-strcpy.o)
                0x0800512c                strcpy
 *fill*         0x080051e8       0x18 
 .text          0x08005200       0xdc y:/coen20/gcc/bin/../lib/gcc/arm-none-eabi/8.2.1/../../../../arm-none-eabi/lib/thumb/v7e-m+fp/hard\libc.a(lib_a-strlen.o)
                0x08005200                strlen
 .text.startup.register_fini
                0x080052dc       0x14 y:/coen20/gcc/bin/../lib/gcc/arm-none-eabi/8.2.1/../../../../arm-none-eabi/lib/thumb/v7e-m+fp/hard\libc.a(lib_a-__call_atexit.o)
 .text.__call_exitprocs
                0x080052f0       0xb0 y:/coen20/gcc/bin/../lib/gcc/arm-none-eabi/8.2.1/../../../../arm-none-eabi/lib/thumb/v7e-m+fp/hard\libc.a(lib_a-__call_atexit.o)
                0x080052f0                __call_exitprocs
 .text.atexit   0x080053a0        0xc y:/coen20/gcc/bin/../lib/gcc/arm-none-eabi/8.2.1/../../../../arm-none-eabi/lib/thumb/v7e-m+fp/hard\libc.a(lib_a-atexit.o)
                0x080053a0                atexit
 .text.__libc_fini_array
                0x080053ac       0x34 y:/coen20/gcc/bin/../lib/gcc/arm-none-eabi/8.2.1/../../../../arm-none-eabi/lib/thumb/v7e-m+fp/hard\libc.a(lib_a-fini.o)
                0x080053ac                __libc_fini_array
 .text.__retarget_lock_acquire_recursive
                0x080053e0        0x4 y:/coen20/gcc/bin/../lib/gcc/arm-none-eabi/8.2.1/../../../../arm-none-eabi/lib/thumb/v7e-m+fp/hard\libc.a(lib_a-lock.o)
                0x080053e0                __retarget_lock_acquire_recursive
 .text.__retarget_lock_release_recursive
                0x080053e4        0x4 y:/coen20/gcc/bin/../lib/gcc/arm-none-eabi/8.2.1/../../../../arm-none-eabi/lib/thumb/v7e-m+fp/hard\libc.a(lib_a-lock.o)
                0x080053e4                __retarget_lock_release_recursive
 .text.__register_exitproc
                0x080053e8       0x88 y:/coen20/gcc/bin/../lib/gcc/arm-none-eabi/8.2.1/../../../../arm-none-eabi/lib/thumb/v7e-m+fp/hard\libc.a(lib_a-__atexit.o)
                0x080053e8                __register_exitproc
 .text._exit    0x08005470        0x4 y:/coen20/gcc/bin/../lib/gcc/arm-none-eabi/8.2.1/../../../../arm-none-eabi/lib/thumb/v7e-m+fp/hard\libnosys.a(_exit.o)
                0x08005470                _exit
 *(.init)
 .init          0x08005474        0x4 y:/coen20/gcc/bin/../lib/gcc/arm-none-eabi/8.2.1/thumb/v7e-m+fp/hard/crti.o
                0x08005474                _init
 .init          0x08005478        0x8 y:/coen20/gcc/bin/../lib/gcc/arm-none-eabi/8.2.1/thumb/v7e-m+fp/hard/crtn.o
 *(.fini)
 .fini          0x08005480        0x4 y:/coen20/gcc/bin/../lib/gcc/arm-none-eabi/8.2.1/thumb/v7e-m+fp/hard/crti.o
                0x08005480                _fini
 .fini          0x08005484        0x8 y:/coen20/gcc/bin/../lib/gcc/arm-none-eabi/8.2.1/thumb/v7e-m+fp/hard/crtn.o
 *crtbegin.o(.ctors)
 *crtbegin?.o(.ctors)
 *(EXCLUDE_FILE(*crtend.o *crtend?.o) .ctors)
 *(SORT_BY_NAME(.ctors.*))
 *(.ctors)
 *crtbegin.o(.dtors)
 *crtbegin?.o(.dtors)
 *(EXCLUDE_FILE(*crtend.o *crtend?.o) .dtors)
 *(SORT_BY_NAME(.dtors.*))
 *(.dtors)
 *(.rodata*)
 .rodata.BtnADD.str1.4
                0x0800548c        0x2 obj/Lab0Main.o
 *fill*         0x0800548e        0x2 
 .rodata.BtnDIV.str1.4
                0x08005490        0x2 obj/Lab0Main.o
 *fill*         0x08005492        0x2 
 .rodata.BtnMUL.str1.4
                0x08005494        0x2 obj/Lab0Main.o
 *fill*         0x08005496        0x2 
 .rodata.Num2Text.str1.4
                0x08005498       0x15 obj/Lab0Main.o
                                 0x19 (size before relaxing)
 *fill*         0x080054ad        0x3 
 .rodata.UpdateDisplay.str1.4
                0x080054b0        0xd obj/Lab0Main.o
 *fill*         0x080054bd        0x3 
 .rodata.bgnd.6875
                0x080054c0       0x10 obj/Lab0Main.o
 .rodata.brdr.6876
                0x080054d0       0x10 obj/Lab0Main.o
 .rodata.fgnd.6874
                0x080054e0       0x10 obj/Lab0Main.o
 .rodata.main.str1.4
                0x080054f0       0x19 obj/Lab0Main.o
 *fill*         0x08005509        0x3 
 .rodata.str1.4
                0x0800550c      0x138 obj/Lab0Main.o
                                0x136 (size before relaxing)
 .rodata.DisplayHeader.str1.1
                0x08005644       0x27 library.a(initialize.o)
 .rodata.Font12_Table
                0x0800566b      0x474 library.a(stm32f429i_discovery_lcd.o)
                0x0800566b                Font12_Table
 .rodata.Font16_Table
                0x08005adf      0xbe0 library.a(stm32f429i_discovery_lcd.o)
                0x08005adf                Font16_Table
 .rodata.Font20_Table
                0x080066bf      0xed8 library.a(stm32f429i_discovery_lcd.o)
                0x080066bf                Font20_Table
 .rodata.Font24_Table
                0x08007597     0x1ab8 library.a(stm32f429i_discovery_lcd.o)
                0x08007597                Font24_Table
 .rodata.APBAHBPrescTable
                0x0800904f       0x10 library.a(stm32f4xx_hal_rcc.o)
                0x0800904f                APBAHBPrescTable
 *fill*         0x0800905f        0x1 
 .rodata._global_impure_ptr
                0x08009060        0x4 y:/coen20/gcc/bin/../lib/gcc/arm-none-eabi/8.2.1/../../../../arm-none-eabi/lib/thumb/v7e-m+fp/hard\libc.a(lib_a-impure.o)
                0x08009060                _global_impure_ptr
 *(.eh_frame*)
 .eh_frame      0x08009064        0x0 y:/coen20/gcc/bin/../lib/gcc/arm-none-eabi/8.2.1/thumb/v7e-m+fp/hard/crtbegin.o
 .eh_frame      0x08009064        0x4 y:/coen20/gcc/bin/../lib/gcc/arm-none-eabi/8.2.1/thumb/v7e-m+fp/hard/crtend.o

.glue_7         0x08009068        0x0
 .glue_7        0x08009068        0x0 linker stubs

.glue_7t        0x08009068        0x0
 .glue_7t       0x08009068        0x0 linker stubs

.vfp11_veneer   0x08009068        0x0
 .vfp11_veneer  0x08009068        0x0 linker stubs

.v4_bx          0x08009068        0x0
 .v4_bx         0x08009068        0x0 linker stubs

.iplt           0x08009068        0x0
 .iplt          0x08009068        0x0 y:/coen20/gcc/bin/../lib/gcc/arm-none-eabi/8.2.1/thumb/v7e-m+fp/hard/crtbegin.o

.ARM.extab
 *(.ARM.extab* .gnu.linkonce.armextab.*)
                0x08009068                __exidx_start = .

.ARM.exidx      0x08009068        0x8
 *(.ARM.exidx* .gnu.linkonce.armexidx.*)
 .ARM.exidx     0x08009068        0x8 y:/coen20/gcc/bin/../lib/gcc/arm-none-eabi/8.2.1/../../../../arm-none-eabi/lib/thumb/v7e-m+fp/hard/crt0.o
                0x08009070                __exidx_end = .
                0x08009070                __etext = .

.rel.dyn        0x08009070        0x0
 .rel.iplt      0x08009070        0x0 y:/coen20/gcc/bin/../lib/gcc/arm-none-eabi/8.2.1/thumb/v7e-m+fp/hard/crtbegin.o

.data           0x20000000      0x768 load address 0x08009070
                0x20000000                __data_start__ = .
 *(vtable)
 *(.data*)
 .data.buttons  0x20000000      0x258 obj/Lab0Main.o
 .data.function
                0x20000258        0x4 obj/Lab0Main.o
 .data.message.6910
                0x2000025c       0x2c obj/Lab0Main.o
 .data.prev2.6896
                0x20000288        0x4 obj/Lab0Main.o
 .data.radix    0x2000028c        0x4 obj/Lab0Main.o
 .data.BUTTON_PORT
                0x20000290        0x4 library.a(stm32f429i_discovery.o)
                0x20000290                BUTTON_PORT
 .data.I2cxTimeout
                0x20000294        0x4 library.a(stm32f429i_discovery.o)
                0x20000294                I2cxTimeout
 .data.SpixTimeout
                0x20000298        0x4 library.a(stm32f429i_discovery.o)
                0x20000298                SpixTimeout
 .data.Font12   0x2000029c        0x8 library.a(stm32f429i_discovery_lcd.o)
                0x2000029c                Font12
 .data.Font16   0x200002a4        0x8 library.a(stm32f429i_discovery_lcd.o)
                0x200002a4                Font16
 .data.Font20   0x200002ac        0x8 library.a(stm32f429i_discovery_lcd.o)
                0x200002ac                Font20
 .data.Font24   0x200002b4        0x8 library.a(stm32f429i_discovery_lcd.o)
                0x200002b4                Font24
 .data.SystemCoreClock
                0x200002bc        0x4 library.a(system_stm32f4xx.o)
                0x200002bc                SystemCoreClock
 .data.x        0x200002c0        0x4 library.a(touch.o)
 .data.y        0x200002c4        0x4 library.a(touch.o)
 .data.ili9341_drv
                0x200002c8       0x38 library.a(ili9341.o)
                0x200002c8                ili9341_drv
 .data.stmpe811_ts_drv
                0x20000300       0x28 library.a(stmpe811.o)
                0x20000300                stmpe811_ts_drv
 .data.impure_data
                0x20000328      0x428 y:/coen20/gcc/bin/../lib/gcc/arm-none-eabi/8.2.1/../../../../arm-none-eabi/lib/thumb/v7e-m+fp/hard\libc.a(lib_a-impure.o)
 .data.__atexit_recursive_mutex
                0x20000750        0x4 y:/coen20/gcc/bin/../lib/gcc/arm-none-eabi/8.2.1/../../../../arm-none-eabi/lib/thumb/v7e-m+fp/hard\libc.a(lib_a-__call_atexit.o)
                0x20000750                __atexit_recursive_mutex
                0x20000754                . = ALIGN (0x4)
                0x20000754                PROVIDE (__preinit_array_start = .)
 *(.preinit_array)
                0x20000754                PROVIDE (__preinit_array_end = .)
                0x20000754                . = ALIGN (0x4)
                0x20000754                PROVIDE (__init_array_start = .)
 *(SORT_BY_NAME(.init_array.*))
 .init_array.00000
                0x20000754        0x4 y:/coen20/gcc/bin/../lib/gcc/arm-none-eabi/8.2.1/../../../../arm-none-eabi/lib/thumb/v7e-m+fp/hard\libc.a(lib_a-__call_atexit.o)
 *(.init_array)
 .init_array    0x20000758        0x4 y:/coen20/gcc/bin/../lib/gcc/arm-none-eabi/8.2.1/thumb/v7e-m+fp/hard/crtbegin.o
                0x2000075c                PROVIDE (__init_array_end = .)
                0x20000760                . = ALIGN (0x8)
 *fill*         0x2000075c        0x4 
                0x20000760                PROVIDE (__fini_array_start = .)
 *(SORT_BY_NAME(.fini_array.*))
 *(.fini_array)
 .fini_array    0x20000760        0x4 y:/coen20/gcc/bin/../lib/gcc/arm-none-eabi/8.2.1/thumb/v7e-m+fp/hard/crtbegin.o
                0x20000764                PROVIDE (__fini_array_end = .)
                0x20000768                . = ALIGN (0x8)
 *fill*         0x20000764        0x4 
                0x20000768                __data_end__ = .

.igot.plt       0x20000768        0x0 load address 0x080097d8
 .igot.plt      0x20000768        0x0 y:/coen20/gcc/bin/../lib/gcc/arm-none-eabi/8.2.1/thumb/v7e-m+fp/hard/crtbegin.o

.bss            0x20000768      0xa31 load address 0x080097d8
                0x20000768                __bss_start__ = .
 *(.bss*)
 .bss           0x20000768       0x1c y:/coen20/gcc/bin/../lib/gcc/arm-none-eabi/8.2.1/thumb/v7e-m+fp/hard/crtbegin.o
 .bss.line1     0x20000784       0x64 obj/Lab0Main.o
 .bss.line2.6895
                0x200007e8       0x64 obj/Lab0Main.o
 .bss.op1       0x2000084c        0x4 obj/Lab0Main.o
 .bss.op2       0x20000850        0x4 obj/Lab0Main.o
 .bss.prev1.6894
                0x20000854       0x64 obj/Lab0Main.o
 .bss.buffer    0x200008b8      0x620 library.a(initialize.o)
 .bss.txtCol    0x20000ed8        0x4 library.a(initialize.o)
 .bss.txtRow    0x20000edc        0x4 library.a(initialize.o)
 .bss.Is_LCD_IO_Initialized
                0x20000ee0        0x1 library.a(stm32f429i_discovery.o)
 *fill*         0x20000ee1        0x3 
 .bss.SpiHandle
                0x20000ee4       0x58 library.a(stm32f429i_discovery.o)
 .bss.ActiveLayer
                0x20000f3c        0x4 library.a(stm32f429i_discovery_lcd.o)
 .bss.Dma2dHandler
                0x20000f40       0x40 library.a(stm32f429i_discovery_lcd.o)
 .bss.DrawProp  0x20000f80       0x18 library.a(stm32f429i_discovery_lcd.o)
 .bss.LtdcHandler
                0x20000f98       0xa8 library.a(stm32f429i_discovery_lcd.o)
 .bss.PeriphClkInitStruct
                0x20001040       0x30 library.a(stm32f429i_discovery_lcd.o)
 .bss.Command   0x20001070       0x10 library.a(stm32f429i_discovery_sdram.o)
 .bss.SdramHandle
                0x20001080       0x34 library.a(stm32f429i_discovery_sdram.o)
 .bss.Timing    0x200010b4       0x1c library.a(stm32f429i_discovery_sdram.o)
 .bss.dmaHandle.11858
                0x200010d0       0x50 library.a(stm32f429i_discovery_sdram.o)
 .bss.uwTick    0x20001120        0x4 library.a(stm32f4xx_hal.o)
 .bss.TsDrv     0x20001124        0x4 library.a(stm32f429i_discovery_ts.o)
 .bss.TsXBoundary
                0x20001128        0x2 library.a(stm32f429i_discovery_ts.o)
 .bss.TsYBoundary
                0x2000112a        0x2 library.a(stm32f429i_discovery_ts.o)
 .bss._x.12050  0x2000112c        0x4 library.a(stm32f429i_discovery_ts.o)
 .bss._y.12051  0x20001130        0x4 library.a(stm32f429i_discovery_ts.o)
 .bss.stmpe811  0x20001134        0x2 library.a(stmpe811.o)
                0x20001134                stmpe811
 *(COMMON)
 *fill*         0x20001136        0x2 
 COMMON         0x20001138       0x3c library.a(stm32f429i_discovery.o)
                0x20001138                I2cHandle
 COMMON         0x20001174        0x4 library.a(stm32f429i_discovery_lcd.o)
                0x20001174                LcdDrv
 COMMON         0x20001178       0x21 y:/coen20/gcc/bin/../lib/gcc/arm-none-eabi/8.2.1/../../../../arm-none-eabi/lib/thumb/v7e-m+fp/hard\libc.a(lib_a-lock.o)
                0x20001178                __lock___atexit_recursive_mutex
                0x2000117c                __lock___arc4random_mutex
                0x20001180                __lock___env_recursive_mutex
                0x20001184                __lock___sinit_recursive_mutex
                0x20001188                __lock___malloc_recursive_mutex
                0x2000118c                __lock___at_quick_exit_mutex
                0x20001190                __lock___dd_hash_mutex
                0x20001194                __lock___tz_mutex
                0x20001198                __lock___sfp_recursive_mutex
                0x20001199                __bss_end__ = .

.ccm            0x10000000        0x0
                0x10000000                . = ALIGN (0x4)
                0x10000000                __ccm_start__ = .
 *(.ccm*)
                0x10000000                . = ALIGN (0x4)
                0x10000000                __ccm_end__ = .

.heap           0x10000000      0xc00
                0x10000000                __end__ = .
                0x10000000                end = __end__
 *(.heap*)
 .heap          0x10000000      0xc00 library.a(startup_stm32f429xx.o)
                0x10000000                __HeapBase
                0x10000c00                __HeapLimit = .

.stack_dummy    0x10000000     0x1000
 *(.stack)
 .stack         0x10000000     0x1000 library.a(startup_stm32f429xx.o)
                0x10010000                __StackTop = (ORIGIN (CCM) + LENGTH (CCM))
                0x1000f000                __StackLimit = (__StackTop - SIZEOF (.stack_dummy))
                0x10010000                PROVIDE (__stack = __StackTop)
                0x00000001                ASSERT ((__StackLimit >= __HeapLimit), region CCM overflowed with stack)
OUTPUT(output.elf elf32-littlearm)

.ARM.attributes
                0x00000000       0x30
 .ARM.attributes
                0x00000000       0x1e y:/coen20/gcc/bin/../lib/gcc/arm-none-eabi/8.2.1/thumb/v7e-m+fp/hard/crti.o
 .ARM.attributes
                0x0000001e       0x34 y:/coen20/gcc/bin/../lib/gcc/arm-none-eabi/8.2.1/thumb/v7e-m+fp/hard/crtbegin.o
 .ARM.attributes
                0x00000052       0x1c y:/coen20/gcc/bin/../lib/gcc/arm-none-eabi/8.2.1/../../../../arm-none-eabi/lib/thumb/v7e-m+fp/hard/crt0.o
 .ARM.attributes
                0x0000006e       0x34 obj/Lab0Main.o
 .ARM.attributes
                0x000000a2       0x25 obj/Lab0Calculator.o
 .ARM.attributes
                0x000000c7       0x39 library.a(initialize.o)
 .ARM.attributes
                0x00000100       0x39 library.a(stm32f429i_discovery.o)
 .ARM.attributes
                0x00000139       0x39 library.a(stm32f429i_discovery_lcd.o)
 .ARM.attributes
                0x00000172       0x39 library.a(stm32f429i_discovery_sdram.o)
 .ARM.attributes
                0x000001ab       0x39 library.a(stm32f4xx_hal.o)
 .ARM.attributes
                0x000001e4       0x39 library.a(stm32f4xx_hal_cortex.o)
 .ARM.attributes
                0x0000021d       0x39 library.a(stm32f4xx_hal_dma.o)
 .ARM.attributes
                0x00000256       0x39 library.a(stm32f4xx_hal_dma2d.o)
 .ARM.attributes
                0x0000028f       0x39 library.a(stm32f4xx_hal_gpio.o)
 .ARM.attributes
                0x000002c8       0x39 library.a(stm32f4xx_hal_i2c.o)
 .ARM.attributes
                0x00000301       0x39 library.a(stm32f4xx_hal_ltdc.o)
 .ARM.attributes
                0x0000033a       0x39 library.a(stm32f4xx_hal_rcc.o)
 .ARM.attributes
                0x00000373       0x39 library.a(stm32f4xx_hal_rcc_ex.o)
 .ARM.attributes
                0x000003ac       0x39 library.a(stm32f4xx_hal_sdram.o)
 .ARM.attributes
                0x000003e5       0x39 library.a(stm32f4xx_hal_spi.o)
 .ARM.attributes
                0x0000041e       0x39 library.a(stm32f4xx_it.o)
 .ARM.attributes
                0x00000457       0x39 library.a(stm32f4xx_ll_fmc.o)
 .ARM.attributes
                0x00000490       0x39 library.a(system_stm32f4xx.o)
 .ARM.attributes
                0x000004c9       0x39 library.a(touch.o)
 .ARM.attributes
                0x00000502       0x1f library.a(startup_stm32f429xx.o)
 .ARM.attributes
                0x00000521       0x39 library.a(ili9341.o)
 .ARM.attributes
                0x0000055a       0x39 library.a(stm32f429i_discovery_ts.o)
 .ARM.attributes
                0x00000593       0x39 library.a(stmpe811.o)
 .ARM.attributes
                0x000005cc       0x34 y:/coen20/gcc/bin/../lib/gcc/arm-none-eabi/8.2.1/../../../../arm-none-eabi/lib/thumb/v7e-m+fp/hard\libc.a(lib_a-exit.o)
 .ARM.attributes
                0x00000600       0x32 y:/coen20/gcc/bin/../lib/gcc/arm-none-eabi/8.2.1/../../../../arm-none-eabi/lib/thumb/v7e-m+fp/hard\libc.a(lib_a-impure.o)
 .ARM.attributes
                0x00000632       0x34 y:/coen20/gcc/bin/../lib/gcc/arm-none-eabi/8.2.1/../../../../arm-none-eabi/lib/thumb/v7e-m+fp/hard\libc.a(lib_a-init.o)
 .ARM.attributes
                0x00000666       0x34 y:/coen20/gcc/bin/../lib/gcc/arm-none-eabi/8.2.1/../../../../arm-none-eabi/lib/thumb/v7e-m+fp/hard\libc.a(lib_a-memset.o)
 .ARM.attributes
                0x0000069a       0x34 y:/coen20/gcc/bin/../lib/gcc/arm-none-eabi/8.2.1/../../../../arm-none-eabi/lib/thumb/v7e-m+fp/hard\libc.a(lib_a-strcat.o)
 .ARM.attributes
                0x000006ce       0x34 y:/coen20/gcc/bin/../lib/gcc/arm-none-eabi/8.2.1/../../../../arm-none-eabi/lib/thumb/v7e-m+fp/hard\libc.a(lib_a-strcpy.o)
 .ARM.attributes
                0x00000702       0x1c y:/coen20/gcc/bin/../lib/gcc/arm-none-eabi/8.2.1/../../../../arm-none-eabi/lib/thumb/v7e-m+fp/hard\libc.a(lib_a-strlen.o)
 .ARM.attributes
                0x0000071e       0x34 y:/coen20/gcc/bin/../lib/gcc/arm-none-eabi/8.2.1/../../../../arm-none-eabi/lib/thumb/v7e-m+fp/hard\libc.a(lib_a-__call_atexit.o)
 .ARM.attributes
                0x00000752       0x34 y:/coen20/gcc/bin/../lib/gcc/arm-none-eabi/8.2.1/../../../../arm-none-eabi/lib/thumb/v7e-m+fp/hard\libc.a(lib_a-atexit.o)
 .ARM.attributes
                0x00000786       0x34 y:/coen20/gcc/bin/../lib/gcc/arm-none-eabi/8.2.1/../../../../arm-none-eabi/lib/thumb/v7e-m+fp/hard\libc.a(lib_a-fini.o)
 .ARM.attributes
                0x000007ba       0x34 y:/coen20/gcc/bin/../lib/gcc/arm-none-eabi/8.2.1/../../../../arm-none-eabi/lib/thumb/v7e-m+fp/hard\libc.a(lib_a-lock.o)
 .ARM.attributes
                0x000007ee       0x34 y:/coen20/gcc/bin/../lib/gcc/arm-none-eabi/8.2.1/../../../../arm-none-eabi/lib/thumb/v7e-m+fp/hard\libc.a(lib_a-__atexit.o)
 .ARM.attributes
                0x00000822       0x34 y:/coen20/gcc/bin/../lib/gcc/arm-none-eabi/8.2.1/../../../../arm-none-eabi/lib/thumb/v7e-m+fp/hard\libnosys.a(_exit.o)
 .ARM.attributes
                0x00000856       0x32 y:/coen20/gcc/bin/../lib/gcc/arm-none-eabi/8.2.1/thumb/v7e-m+fp/hard/crtend.o
 .ARM.attributes
                0x00000888       0x1e y:/coen20/gcc/bin/../lib/gcc/arm-none-eabi/8.2.1/thumb/v7e-m+fp/hard/crtn.o

.comment        0x00000000      0x172
 .comment       0x00000000       0x75 obj/Lab0Main.o
                                 0x76 (size before relaxing)
 .comment       0x00000075       0x7e library.a(initialize.o)
                                 0x7f (size before relaxing)
 .comment       0x000000f3       0x7f library.a(stm32f429i_discovery.o)
                                 0x80 (size before relaxing)
 .comment       0x00000172       0x80 library.a(stm32f429i_discovery_lcd.o)
 .comment       0x00000172       0x80 library.a(stm32f429i_discovery_sdram.o)
 .comment       0x00000172       0x80 library.a(stm32f4xx_hal.o)
 .comment       0x00000172       0x80 library.a(stm32f4xx_hal_cortex.o)
 .comment       0x00000172       0x80 library.a(stm32f4xx_hal_dma.o)
 .comment       0x00000172       0x80 library.a(stm32f4xx_hal_dma2d.o)
 .comment       0x00000172       0x80 library.a(stm32f4xx_hal_gpio.o)
 .comment       0x00000172       0x80 library.a(stm32f4xx_hal_i2c.o)
 .comment       0x00000172       0x80 library.a(stm32f4xx_hal_ltdc.o)
 .comment       0x00000172       0x80 library.a(stm32f4xx_hal_rcc.o)
 .comment       0x00000172       0x80 library.a(stm32f4xx_hal_rcc_ex.o)
 .comment       0x00000172       0x80 library.a(stm32f4xx_hal_sdram.o)
 .comment       0x00000172       0x80 library.a(stm32f4xx_hal_spi.o)
 .comment       0x00000172       0x80 library.a(stm32f4xx_it.o)
 .comment       0x00000172       0x80 library.a(stm32f4xx_ll_fmc.o)
 .comment       0x00000172       0x80 library.a(system_stm32f4xx.o)
 .comment       0x00000172       0x80 library.a(touch.o)
 .comment       0x00000172       0x80 library.a(ili9341.o)
 .comment       0x00000172       0x80 library.a(stm32f429i_discovery_ts.o)
 .comment       0x00000172       0x80 library.a(stmpe811.o)

.debug_frame    0x00000000      0x284
 .debug_frame   0x00000000       0x28 y:/coen20/gcc/bin/../lib/gcc/arm-none-eabi/8.2.1/../../../../arm-none-eabi/lib/thumb/v7e-m+fp/hard\libc.a(lib_a-exit.o)
 .debug_frame   0x00000028       0x2c y:/coen20/gcc/bin/../lib/gcc/arm-none-eabi/8.2.1/../../../../arm-none-eabi/lib/thumb/v7e-m+fp/hard\libc.a(lib_a-init.o)
 .debug_frame   0x00000054       0x38 y:/coen20/gcc/bin/../lib/gcc/arm-none-eabi/8.2.1/../../../../arm-none-eabi/lib/thumb/v7e-m+fp/hard\libc.a(lib_a-memset.o)
 .debug_frame   0x0000008c       0x28 y:/coen20/gcc/bin/../lib/gcc/arm-none-eabi/8.2.1/../../../../arm-none-eabi/lib/thumb/v7e-m+fp/hard\libc.a(lib_a-strcat.o)
 .debug_frame   0x000000b4       0x20 y:/coen20/gcc/bin/../lib/gcc/arm-none-eabi/8.2.1/../../../../arm-none-eabi/lib/thumb/v7e-m+fp/hard\libc.a(lib_a-strcpy.o)
 .debug_frame   0x000000d4       0x5c y:/coen20/gcc/bin/../lib/gcc/arm-none-eabi/8.2.1/../../../../arm-none-eabi/lib/thumb/v7e-m+fp/hard\libc.a(lib_a-__call_atexit.o)
 .debug_frame   0x00000130       0x20 y:/coen20/gcc/bin/../lib/gcc/arm-none-eabi/8.2.1/../../../../arm-none-eabi/lib/thumb/v7e-m+fp/hard\libc.a(lib_a-atexit.o)
 .debug_frame   0x00000150       0x34 y:/coen20/gcc/bin/../lib/gcc/arm-none-eabi/8.2.1/../../../../arm-none-eabi/lib/thumb/v7e-m+fp/hard\libc.a(lib_a-fini.o)
 .debug_frame   0x00000184       0xb0 y:/coen20/gcc/bin/../lib/gcc/arm-none-eabi/8.2.1/../../../../arm-none-eabi/lib/thumb/v7e-m+fp/hard\libc.a(lib_a-lock.o)
 .debug_frame   0x00000234       0x30 y:/coen20/gcc/bin/../lib/gcc/arm-none-eabi/8.2.1/../../../../arm-none-eabi/lib/thumb/v7e-m+fp/hard\libc.a(lib_a-__atexit.o)
 .debug_frame   0x00000264       0x20 y:/coen20/gcc/bin/../lib/gcc/arm-none-eabi/8.2.1/../../../../arm-none-eabi/lib/thumb/v7e-m+fp/hard\libnosys.a(_exit.o)

.stabstr        0x00000000      0x117
 .stabstr       0x00000000      0x117 y:/coen20/gcc/bin/../lib/gcc/arm-none-eabi/8.2.1/../../../../arm-none-eabi/lib/thumb/v7e-m+fp/hard\libnosys.a(close.o)
